Component: ARM Compiler 5.06 update 6 (build 750) Tool: armlink [4d35ed]

==============================================================================

Section Cross References

    main.o(i.getRemind) refers to _printf_percent.o(.ARM.Collect$$_printf_percent$$00000000) for _printf_percent
    main.o(i.getRemind) refers to _printf_d.o(.ARM.Collect$$_printf_percent$$00000009) for _printf_d
    main.o(i.getRemind) refers to _printf_dec.o(.text) for _printf_int_dec
    main.o(i.getRemind) refers to dl_ln3x_recv.o(i.getNextPkg) for getNextPkg
    main.o(i.getRemind) refers to main.o(i.remind) for remind
    main.o(i.getRemind) refers to __2printf.o(.text) for __2printf
    main.o(i.getRemind) refers to main.o(.data) for .data
    main.o(i.getRemind) refers to main.o(.bss) for .bss
    main.o(i.getRemind) refers to rtc.o(.bss) for calendar
    main.o(i.initAll) refers to misc.o(i.NVIC_PriorityGroupConfig) for NVIC_PriorityGroupConfig
    main.o(i.initAll) refers to delay.o(i.delay_init) for delay_init
    main.o(i.initAll) refers to usart1.o(i.USART1_Init) for USART1_Init
    main.o(i.initAll) refers to usart3.o(i.usart3_init) for usart3_init
    main.o(i.initAll) refers to rtc.o(i.RTC_Init) for RTC_Init
    main.o(i.initAll) refers to led.o(i.LED_Init) for LED_Init
    main.o(i.initAll) refers to key.o(i.KEY_Init) for KEY_Init
    main.o(i.initAll) refers to delay.o(i.delay_ms) for delay_ms
    main.o(i.loopAll) refers to __2printf.o(.text) for __2printf
    main.o(i.main) refers to main.o(i.initAll) for initAll
    main.o(i.main) refers to __2printf.o(.text) for __2printf
    main.o(i.main) refers to main.o(i.loopAll) for i.loopAll
    main.o(i.readStm32UniqueID) refers to main.o(.bss) for .bss
    main.o(i.remind) refers to __2printf.o(.text) for __2printf
    main.o(i.remind) refers to delay.o(i.delay_ms) for delay_ms
    main.o(i.remind) refers to main.o(i.stop) for stop
    main.o(i.sendRemind) refers to dl_ln3x_send.o(i.sendPkg) for sendPkg
    main.o(i.sendRemind) refers to __2printf.o(.text) for __2printf
    main.o(i.sendRemind) refers to main.o(.constdata) for .constdata
    main.o(i.setAlm) refers to main.o(i.sendRemind) for sendRemind
    main.o(i.setAlm) refers to delay.o(i.delay_ms) for delay_ms
    main.o(i.setAlm) refers to rtc.o(.bss) for calendar
    main.o(i.setAlm) refers to main.o(.data) for .data
    main.o(i.testCM) refers to dl_ln3x_recv.o(i.getNextPkg) for getNextPkg
    main.o(i.testCM) refers to dl_ln3x_send.o(i.sendPkg) for sendPkg
    main.o(i.testCM) refers to main.o(.constdata) for .constdata
    main.o(i.testID) refers to _printf_percent.o(.ARM.Collect$$_printf_percent$$00000000) for _printf_percent
    main.o(i.testID) refers to _printf_d.o(.ARM.Collect$$_printf_percent$$00000009) for _printf_d
    main.o(i.testID) refers to _printf_dec.o(.text) for _printf_int_dec
    main.o(i.testID) refers to main.o(i.readStm32UniqueID) for readStm32UniqueID
    main.o(i.testID) refers to delay.o(i.delay_ms) for delay_ms
    main.o(i.testID) refers to __2printf.o(.text) for __2printf
    main.o(i.testID) refers to main.o(.bss) for .bss
    main.o(i.testKEY) refers to _printf_percent.o(.ARM.Collect$$_printf_percent$$00000000) for _printf_percent
    main.o(i.testKEY) refers to _printf_d.o(.ARM.Collect$$_printf_percent$$00000009) for _printf_d
    main.o(i.testKEY) refers to _printf_dec.o(.text) for _printf_int_dec
    main.o(i.testKEY) refers to stm32f10x_gpio.o(i.GPIO_ReadInputDataBit) for GPIO_ReadInputDataBit
    main.o(i.testKEY) refers to __2printf.o(.text) for __2printf
    main.o(i.testLED) refers to delay.o(i.delay_ms) for delay_ms
    includes.o(i.map) refers to faddsub_clz.o(x$fpl$fsub) for __aeabi_fsub
    includes.o(i.map) refers to fdiv.o(x$fpl$fdiv) for __aeabi_fdiv
    includes.o(i.map) refers to fmul.o(x$fpl$fmul) for __aeabi_fmul
    includes.o(i.map) refers to faddsub_clz.o(x$fpl$fadd) for __aeabi_fadd
    delay.o(i.delay_init) refers to misc.o(i.SysTick_CLKSourceConfig) for SysTick_CLKSourceConfig
    delay.o(i.delay_init) refers to system_stm32f10x.o(.data) for SystemCoreClock
    delay.o(i.delay_init) refers to delay.o(.data) for .data
    delay.o(i.delay_ms) refers to stm32f10x_gpio.o(i.GPIO_ReadInputDataBit) for GPIO_ReadInputDataBit
    delay.o(i.delay_ms) refers to delay.o(.data) for .data
    delay.o(i.delay_us) refers to delay.o(.data) for .data
    usart1.o(i.USART1_IRQHandler) refers (Special) to use_no_semi_2.o(.text) for __use_no_semihosting
    usart1.o(i.USART1_IRQHandler) refers to stm32f10x_usart.o(i.USART_GetITStatus) for USART_GetITStatus
    usart1.o(i.USART1_IRQHandler) refers to stm32f10x_usart.o(i.USART_ReceiveData) for USART_ReceiveData
    usart1.o(i.USART1_IRQHandler) refers to usart1.o(.data) for .data
    usart1.o(i.USART1_IRQHandler) refers to usart1.o(.bss) for .bss
    usart1.o(i.USART1_Init) refers (Special) to use_no_semi_2.o(.text) for __use_no_semihosting
[...]
    Removing stm32f10x_tim.o(i.TIM_EncoderInterfaceConfig), (50 bytes).
    Removing stm32f10x_tim.o(i.TIM_ForcedOC1Config), (12 bytes).
    Removing stm32f10x_tim.o(i.TIM_ForcedOC2Config), (20 bytes).
    Removing stm32f10x_tim.o(i.TIM_ForcedOC3Config), (12 bytes).
    Removing stm32f10x_tim.o(i.TIM_ForcedOC4Config), (20 bytes).
    Removing stm32f10x_tim.o(i.TIM_GenerateEvent), (4 bytes).
    Removing stm32f10x_tim.o(i.TIM_GetCapture1), (4 bytes).
    Removing stm32f10x_tim.o(i.TIM_GetCapture2), (4 bytes).
    Removing stm32f10x_tim.o(i.TIM_GetCapture3), (4 bytes).
    Removing stm32f10x_tim.o(i.TIM_GetCapture4), (6 bytes).
    Removing stm32f10x_tim.o(i.TIM_GetCounter), (4 bytes).
    Removing stm32f10x_tim.o(i.TIM_GetFlagStatus), (14 bytes).
    Removing stm32f10x_tim.o(i.TIM_GetPrescaler), (4 bytes).
    Removing stm32f10x_tim.o(i.TIM_ICInit), (300 bytes).
    Removing stm32f10x_tim.o(i.TIM_ICStructInit), (16 bytes).
    Removing stm32f10x_tim.o(i.TIM_ITRxExternalClockConfig), (18 bytes).
    Removing stm32f10x_tim.o(i.TIM_InternalClockConfig), (10 bytes).
    Removing stm32f10x_tim.o(i.TIM_OC1FastConfig), (12 bytes).
    Removing stm32f10x_tim.o(i.TIM_OC1Init), (128 bytes).
    Removing stm32f10x_tim.o(i.TIM_OC1NPolarityConfig), (12 bytes).
    Removing stm32f10x_tim.o(i.TIM_OC1PolarityConfig), (12 bytes).
    Removing stm32f10x_tim.o(i.TIM_OC1PreloadConfig), (12 bytes).
    Removing stm32f10x_tim.o(i.TIM_OC2FastConfig), (20 bytes).
    Removing stm32f10x_tim.o(i.TIM_OC2Init), (128 bytes).
    Removing stm32f10x_tim.o(i.TIM_OC2NPolarityConfig), (20 bytes).
    Removing stm32f10x_tim.o(i.TIM_OC2PolarityConfig), (20 bytes).
    Removing stm32f10x_tim.o(i.TIM_OC2PreloadConfig), (20 bytes).
    Removing stm32f10x_tim.o(i.TIM_OC3FastConfig), (12 bytes).
    Removing stm32f10x_tim.o(i.TIM_OC3Init), (124 bytes).
    Removing stm32f10x_tim.o(i.TIM_OC3NPolarityConfig), (20 bytes).
    Removing stm32f10x_tim.o(i.TIM_OC3PolarityConfig), (20 bytes).
    Removing stm32f10x_tim.o(i.TIM_OC3PreloadConfig), (12 bytes).
    Removing stm32f10x_tim.o(i.TIM_OC4FastConfig), (20 bytes).
    Removing stm32f10x_tim.o(i.TIM_OC4Init), (100 bytes).
    Removing stm32f10x_tim.o(i.TIM_OC4PolarityConfig), (20 bytes).
    Removing stm32f10x_tim.o(i.TIM_OC4PreloadConfig), (20 bytes).
    Removing stm32f10x_tim.o(i.TIM_OCStructInit), (20 bytes).
    Removing stm32f10x_tim.o(i.TIM_PWMIConfig), (108 bytes).
    Removing stm32f10x_tim.o(i.TIM_PrescalerConfig), (6 bytes).
    Removing stm32f10x_tim.o(i.TIM_SelectCCDMA), (20 bytes).
    Removing stm32f10x_tim.o(i.TIM_SelectCOM), (20 bytes).
    Removing stm32f10x_tim.o(i.TIM_SelectHallSensor), (20 bytes).
    Removing stm32f10x_tim.o(i.TIM_SelectInputTrigger), (12 bytes).
    Removing stm32f10x_tim.o(i.TIM_SelectMasterSlaveMode), (16 bytes).
    Removing stm32f10x_tim.o(i.TIM_SelectOCxM), (70 bytes).
    Removing stm32f10x_tim.o(i.TIM_SelectOnePulseMode), (16 bytes).
    Removing stm32f10x_tim.o(i.TIM_SelectOutputTrigger), (16 bytes).
    Removing stm32f10x_tim.o(i.TIM_SelectSlaveMode), (16 bytes).
    Removing stm32f10x_tim.o(i.TIM_SetAutoreload), (4 bytes).
    Removing stm32f10x_tim.o(i.TIM_SetClockDivision), (16 bytes).
    Removing stm32f10x_tim.o(i.TIM_SetCompare1), (4 bytes).
    Removing stm32f10x_tim.o(i.TIM_SetCompare2), (4 bytes).
    Removing stm32f10x_tim.o(i.TIM_SetCompare3), (4 bytes).
    Removing stm32f10x_tim.o(i.TIM_SetCompare4), (6 bytes).
    Removing stm32f10x_tim.o(i.TIM_SetIC1Prescaler), (16 bytes).
    Removing stm32f10x_tim.o(i.TIM_SetIC2Prescaler), (24 bytes).
    Removing stm32f10x_tim.o(i.TIM_SetIC3Prescaler), (16 bytes).
    Removing stm32f10x_tim.o(i.TIM_SetIC4Prescaler), (24 bytes).
    Removing stm32f10x_tim.o(i.TIM_TIxExternalClockConfig), (46 bytes).
    Removing stm32f10x_tim.o(i.TIM_TimeBaseStructInit), (18 bytes).
    Removing stm32f10x_tim.o(i.TIM_UpdateDisableConfig), (20 bytes).
    Removing stm32f10x_tim.o(i.TIM_UpdateRequestConfig), (20 bytes).
    Removing stm32f10x_usart.o(i.USART_ClearFlag), (6 bytes).
    Removing stm32f10x_usart.o(i.USART_ClearITPendingBit), (12 bytes).
    Removing stm32f10x_usart.o(i.USART_ClockInit), (30 bytes).
    Removing stm32f10x_usart.o(i.USART_ClockStructInit), (12 bytes).
    Removing stm32f10x_usart.o(i.USART_DMACmd), (16 bytes).
    Removing stm32f10x_usart.o(i.USART_GetFlagStatus), (14 bytes).
    Removing stm32f10x_usart.o(i.USART_HalfDuplexCmd), (20 bytes).
    Removing stm32f10x_usart.o(i.USART_IrDACmd), (20 bytes).
    Removing stm32f10x_usart.o(i.USART_IrDAConfig), (16 bytes).
    Removing stm32f10x_usart.o(i.USART_LINBreakDetectLengthConfig), (16 bytes).
    Removing stm32f10x_usart.o(i.USART_LINCmd), (20 bytes).
    Removing stm32f10x_usart.o(i.USART_OneBitMethodCmd), (20 bytes).
    Removing stm32f10x_usart.o(i.USART_OverSampling8Cmd), (20 bytes).
    Removing stm32f10x_usart.o(i.USART_ReceiverWakeUpCmd), (20 bytes).
    Removing stm32f10x_usart.o(i.USART_SendBreak), (10 bytes).
    Removing stm32f10x_usart.o(i.USART_SendData), (8 bytes).
    Removing stm32f10x_usart.o(i.USART_SetAddress), (16 bytes).
    Removing stm32f10x_usart.o(i.USART_SetGuardTime), (16 bytes).
    Removing stm32f10x_usart.o(i.USART_SetPrescaler), (16 bytes).
    Removing stm32f10x_usart.o(i.USART_SmartCardCmd), (20 bytes).
    Removing stm32f10x_usart.o(i.USART_SmartCardNACKCmd), (20 bytes).
    Removing stm32f10x_usart.o(i.USART_StructInit), (22 bytes).
    Removing stm32f10x_usart.o(i.USART_WakeUpConfig), (16 bytes).
    Removing stm32f10x_wwdg.o(i.WWDG_ClearFlag), (12 bytes).
    Removing stm32f10x_wwdg.o(i.WWDG_DeInit), (24 bytes).
    Removing stm32f10x_wwdg.o(i.WWDG_Enable), (16 bytes).
    Removing stm32f10x_wwdg.o(i.WWDG_EnableIT), (16 bytes).
    Removing stm32f10x_wwdg.o(i.WWDG_GetFlagStatus), (12 bytes).
    Removing stm32f10x_wwdg.o(i.WWDG_SetCounter), (16 bytes).
    Removing stm32f10x_wwdg.o(i.WWDG_SetPrescaler), (20 bytes).
    Removing stm32f10x_wwdg.o(i.WWDG_SetWindowValue), (28 bytes).
    Removing rtc.o(i.RTC_Alarm_Set_after), (42 bytes).
    Removing rtc.o(i.Time_Get), (20 bytes).
    Removing rtc.o(i.compare_time), (78 bytes).
    Removing rtc.o(i.time_2_sec_go), (26 bytes).
    Removing dl_ln3x_recv.o(i.getNextPkg), (72 bytes).
    Removing dl_ln3x_send.o(i.sendPkg), (96 bytes).
    Removing dl_ln3x_send.o(i.uartSendNextByte), (64 bytes).
    Removing dl_ln3x_send.o(.bss), (64 bytes).
    Removing dl_ln3x_send.o(.data), (1 bytes).
    Removing usart3.o(i.u3_printf), (76 bytes).
    Removing usart3.o(i.uartSendFirstByte), (32 bytes).
    Removing key.o(i.KEY_Scan), (204 bytes).
    Removing key.o(.data), (1 bytes).

462 unused section(s) (total 19518 bytes) removed from the image.

==============================================================================

Image Symbol Table

    Local Symbols

    Symbol Name                              Value     Ov Type        Size  Object(Section)

    ../clib/angel/boardlib.s                 0x00000000   Number         0  boardinit2.o ABSOLUTE
    ../clib/angel/boardlib.s                 0x00000000   Number         0  boardinit3.o ABSOLUTE
    ../clib/angel/boardlib.s                 0x00000000   Number         0  boardshut.o ABSOLUTE
    ../clib/angel/boardlib.s                 0x00000000   Number         0  boardinit1.o ABSOLUTE
    ../clib/angel/handlers.s                 0x00000000   Number         0  __scatter_zi.o ABSOLUTE
    ../clib/angel/handlers.s                 0x00000000   Number         0  __scatter_copy.o ABSOLUTE
    ../clib/angel/kernel.s                   0x00000000   Number         0  __rtentry2.o ABSOLUTE
    ../clib/angel/kernel.s                   0x00000000   Number         0  rtexit.o ABSOLUTE
    ../clib/angel/kernel.s                   0x00000000   Number         0  rtexit2.o ABSOLUTE
    ../clib/angel/kernel.s                   0x00000000   Number         0  __rtentry.o ABSOLUTE
    ../clib/angel/kernel.s                   0x00000000   Number         0  __rtentry4.o ABSOLUTE
    ../clib/angel/rt.s                       0x00000000   Number         0  rt_ctype_table.o ABSOLUTE
    ../clib/angel/rt.s                       0x00000000   Number         0  rt_locale.o ABSOLUTE
    ../clib/angel/rt.s                       0x00000000   Number         0  rt_locale_intlibspace.o ABSOLUTE
    ../clib/angel/rt.s                       0x00000000   Number         0  rt_raise.o ABSOLUTE
    ../clib/angel/scatter.s                  0x00000000   Number         0  __scatter.o ABSOLUTE
    ../clib/angel/startup.s                  0x00000000   Number         0  __main.o ABSOLUTE
    ../clib/angel/sys.s                      0x00000000   Number         0  sys_stackheap_outer.o ABSOLUTE
    ../clib/angel/sys.s                      0x00000000   Number         0  use_no_semi.o ABSOLUTE
    ../clib/angel/sys.s                      0x00000000   Number         0  libspace.o ABSOLUTE
    ../clib/angel/sys.s                      0x00000000   Number         0  use_no_semi_2.o ABSOLUTE
    ../clib/angel/sys.s                      0x00000000   Number         0  indicate_semi.o ABSOLUTE
    ../clib/angel/sysapp.c                   0x00000000   Number         0  sys_command.o ABSOLUTE
    ../clib/angel/sysapp.c                   0x00000000   Number         0  sys_wrch.o ABSOLUTE
    ../clib/armsys.c                         0x00000000   Number         0  no_argv.o ABSOLUTE
    ../clib/armsys.c                         0x00000000   Number         0  argv_veneer.o ABSOLUTE
    ../clib/armsys.c                         0x00000000   Number         0  _get_argv_nomalloc.o ABSOLUTE
    ../clib/armsys.c                         0x00000000   Number         0  argv_veneer.o ABSOLUTE
    ../clib/bigflt.c                         0x00000000   Number         0  bigflt0.o ABSOLUTE
    ../clib/btod.s                           0x00000000   Number         0  btod.o ABSOLUTE
    ../clib/heapalloc.c                      0x00000000   Number         0  hrguard.o ABSOLUTE
    ../clib/heapaux.c                        0x00000000   Number         0  heapauxi.o ABSOLUTE
    ../clib/libinit.s                        0x00000000   Number         0  libshutdown.o ABSOLUTE
    ../clib/libinit.s                        0x00000000   Number         0  libinit2.o ABSOLUTE
    ../clib/libinit.s                        0x00000000   Number         0  libinit.o ABSOLUTE
    ../clib/libinit.s                        0x00000000   Number         0  libshutdown2.o ABSOLUTE
    ../clib/locale.c                         0x00000000   Number         0  _wcrtomb.o ABSOLUTE
    ../clib/locale.s                         0x00000000   Number         0  lc_ctype_c.o ABSOLUTE
    ../clib/locale.s                         0x00000000   Number         0  lc_numeric_c.o ABSOLUTE
    ../clib/longlong.s                       0x00000000   Number         0  lludiv10.o ABSOLUTE
    ../clib/memcpset.s                       0x00000000   Number         0  strcmpv7m.o ABSOLUTE
    ../clib/misc.s                           0x00000000   Number         0  printf_stubs.o ABSOLUTE
    ../clib/printf.c                         0x00000000   Number         0  _printf_wchar.o ABSOLUTE
    ../clib/printf.c                         0x00000000   Number         0  _printf_char.o ABSOLUTE
    ../clib/printf.c                         0x00000000   Number         0  _printf_intcommon.o ABSOLUTE
    ../clib/printf.c                         0x00000000   Number         0  __printf_nopercent.o ABSOLUTE
    ../clib/printf.c                         0x00000000   Number         0  _printf_charcount.o ABSOLUTE
    ../clib/printf.c                         0x00000000   Number         0  __printf_flags_ss_wp.o ABSOLUTE
    ../clib/printf.c                         0x00000000   Number         0  __printf_ss_wp.o ABSOLUTE
    ../clib/printf.c                         0x00000000   Number         0  __printf_flags_wp.o ABSOLUTE
    ../clib/printf.c                         0x00000000   Number         0  _printf_char_common.o ABSOLUTE
    ../clib/printf.c                         0x00000000   Number         0  _sputc.o ABSOLUTE
    ../clib/printf.c                         0x00000000   Number         0  __printf_wp.o ABSOLUTE
    ../clib/printf.c                         0x00000000   Number         0  _printf_char_file.o ABSOLUTE
    ../clib/printf.c                         0x00000000   Number         0  _printf_wctomb.o ABSOLUTE
    ../clib/printf.c                         0x00000000   Number         0  _printf_longlong_dec.o ABSOLUTE
    ../clib/printf.c                         0x00000000   Number         0  _printf_oct_ll.o ABSOLUTE
    ../clib/printf.c                         0x00000000   Number         0  _printf_oct_int.o ABSOLUTE
    ../clib/printf.c                         0x00000000   Number         0  _printf_oct_int_ll.o ABSOLUTE
    ../clib/printf.c                         0x00000000   Number         0  __printf_flags_ss.o ABSOLUTE
    ../clib/printf.c                         0x00000000   Number         0  _printf_hex_int.o ABSOLUTE
    ../clib/printf.c                         0x00000000   Number         0  _printf_hex_int_ll.o ABSOLUTE
    ../clib/printf.c                         0x00000000   Number         0  __printf_ss.o ABSOLUTE
    ../clib/printf.c                         0x00000000   Number         0  __printf_flags.o ABSOLUTE
    ../clib/printf.c                         0x00000000   Number         0  _printf_hex_ptr.o ABSOLUTE
    ../clib/printf.c                         0x00000000   Number         0  _printf_dec.o ABSOLUTE
    ../clib/printf.c                         0x00000000   Number         0  _printf_fp_hex.o ABSOLUTE
    ../clib/printf.c                         0x00000000   Number         0  __printf.o ABSOLUTE
    ../clib/printf.c                         0x00000000   Number         0  _printf_hex_int_ptr.o ABSOLUTE
    ../clib/printf.c                         0x00000000   Number         0  _printf_hex_ll.o ABSOLUTE
    ../clib/printf.c                         0x00000000   Number         0  _printf_hex_int_ll_ptr.o ABSOLUTE
    ../clib/printf.c                         0x00000000   Number         0  noretval__2printf.o ABSOLUTE
    ../clib/printf.c                         0x00000000   Number         0  __2printf.o ABSOLUTE
    ../clib/printf.c                         0x00000000   Number         0  vsprintf.o ABSOLUTE
    ../clib/printf.c                         0x00000000   Number         0  _printf_pad.o ABSOLUTE
    ../clib/printf.c                         0x00000000   Number         0  _printf_truncate.o ABSOLUTE
    ../clib/printf.c                         0x00000000   Number         0  _printf_str.o ABSOLUTE
    ../clib/printf.c                         0x00000000   Number         0  _printf_fp_infnan.o ABSOLUTE
    ../clib/printf.c                         0x00000000   Number         0  _printf_fp_dec.o ABSOLUTE
    ../clib/printf.c                         0x00000000   Number         0  _printf_hex_ll_ptr.o ABSOLUTE
    ../clib/printf_percent.s                 0x00000000   Number         0  _printf_u.o ABSOLUTE
    ../clib/printf_percent.s                 0x00000000   Number         0  _printf_p.o ABSOLUTE
    ../clib/printf_percent.s                 0x00000000   Number         0  _printf_d.o ABSOLUTE
    ../clib/printf_percent.s                 0x00000000   Number         0  _printf_x.o ABSOLUTE
    ../clib/printf_percent.s                 0x00000000   Number         0  _printf_n.o ABSOLUTE
    ../clib/printf_percent.s                 0x00000000   Number         0  _printf_s.o ABSOLUTE
    ../clib/printf_percent.s                 0x00000000   Number         0  _printf_c.o ABSOLUTE
    ../clib/printf_percent.s                 0x00000000   Number         0  _printf_percent.o ABSOLUTE
    ../clib/printf_percent.s                 0x00000000   Number         0  _printf_ll.o ABSOLUTE
    ../clib/printf_percent.s                 0x00000000   Number         0  _printf_llx.o ABSOLUTE
    ../clib/printf_percent.s                 0x00000000   Number         0  _printf_llo.o ABSOLUTE
    ../clib/printf_percent.s                 0x00000000   Number         0  _printf_ls.o ABSOLUTE
    ../clib/printf_percent.s                 0x00000000   Number         0  _printf_lc.o ABSOLUTE
    ../clib/printf_percent.s                 0x00000000   Number         0  _printf_l.o ABSOLUTE
    ../clib/printf_percent.s                 0x00000000   Number         0  _printf_llu.o ABSOLUTE
    ../clib/printf_percent.s                 0x00000000   Number         0  _printf_lld.o ABSOLUTE
    ../clib/printf_percent.s                 0x00000000   Number         0  _printf_lli.o ABSOLUTE
    ../clib/printf_percent.s                 0x00000000   Number         0  _printf_percent_end.o ABSOLUTE
    ../clib/printf_percent.s                 0x00000000   Number         0  _printf_a.o ABSOLUTE
    ../clib/printf_percent.s                 0x00000000   Number         0  _printf_g.o ABSOLUTE
    ../clib/printf_percent.s                 0x00000000   Number         0  _printf_e.o ABSOLUTE
    ../clib/printf_percent.s                 0x00000000   Number         0  _printf_f.o ABSOLUTE
    ../clib/printf_percent.s                 0x00000000   Number         0  _printf_i.o ABSOLUTE
    ../clib/printf_percent.s                 0x00000000   Number         0  _printf_o.o ABSOLUTE
    ../clib/signal.c                         0x00000000   Number         0  defsig_other.o ABSOLUTE
    ../clib/signal.c                         0x00000000   Number         0  defsig_segv_inner.o ABSOLUTE
    ../clib/signal.c                         0x00000000   Number         0  defsig_cppl_inner.o ABSOLUTE
    ../clib/signal.c                         0x00000000   Number         0  defsig_pvfn_inner.o ABSOLUTE
    ../clib/signal.c                         0x00000000   Number         0  defsig_stak_inner.o ABSOLUTE
    ../clib/signal.c                         0x00000000   Number         0  defsig_rtmem_outer.o ABSOLUTE
    ../clib/signal.c                         0x00000000   Number         0  defsig_rtmem_formal.o ABSOLUTE
    ../clib/signal.c                         0x00000000   Number         0  defsig_exit.o ABSOLUTE
    ../clib/signal.c                         0x00000000   Number         0  defsig_rtmem_inner.o ABSOLUTE
    ../clib/signal.c                         0x00000000   Number         0  defsig_rtred_inner.o ABSOLUTE
    ../clib/signal.c                         0x00000000   Number         0  defsig_fpe_inner.o ABSOLUTE
    ../clib/signal.c                         0x00000000   Number         0  defsig_abrt_inner.o ABSOLUTE
    ../clib/signal.c                         0x00000000   Number         0  defsig_general.o ABSOLUTE
    ../clib/signal.c                         0x00000000   Number         0  __raise.o ABSOLUTE
    ../clib/signal.s                         0x00000000   Number         0  defsig.o ABSOLUTE
    ../clib/stdio.c                          0x00000000   Number         0  ferror_locked.o ABSOLUTE
    ../clib/stdio.c                          0x00000000   Number         0  ferror.o ABSOLUTE
    ../clib/stdlib.c                         0x00000000   Number         0  exit.o ABSOLUTE
    ../clib/string.c                         0x00000000   Number         0  strlen.o ABSOLUTE
    ../fplib/faddsub.s                       0x00000000   Number         0  faddsub_clz.o ABSOLUTE
    ../fplib/fdiv.s                          0x00000000   Number         0  fdiv.o ABSOLUTE
    ../fplib/fmul.s                          0x00000000   Number         0  fmul.o ABSOLUTE
    ../fplib/fnaninf.s                       0x00000000   Number         0  fnaninf.o ABSOLUTE
    ../fplib/fpinit.s                        0x00000000   Number         0  fpinit.o ABSOLUTE
    ../fplib/fretinf.s                       0x00000000   Number         0  fretinf.o ABSOLUTE
    ../fplib/istatus.s                       0x00000000   Number         0  istatus.o ABSOLUTE
    ../fplib/printf1.s                       0x00000000   Number         0  printf1.o ABSOLUTE
    ../fplib/printf2.s                       0x00000000   Number         0  printf2.o ABSOLUTE
    ../fplib/printf2a.s                      0x00000000   Number         0  printf2a.o ABSOLUTE
    ../fplib/printf2b.s                      0x00000000   Number         0  printf2b.o ABSOLUTE
    ../fplib/usenofp.s                       0x00000000   Number         0  usenofp.o ABSOLUTE
    ../mathlib/fpclassify.c                  0x00000000   Number         0  fpclassify.o ABSOLUTE
    app\DL_LN3X_recv.c                       0x00000000   Number         0  dl_ln3x_recv.o ABSOLUTE
    app\DL_LN3X_send.c                       0x00000000   Number         0  dl_ln3x_send.o ABSOLUTE
    app\key.c                                0x00000000   Number         0  key.o ABSOLUTE
    app\led.c                                0x00000000   Number         0  led.o ABSOLUTE
    app\rtc.c                                0x00000000   Number         0  rtc.o ABSOLUTE
    app\timer.c                              0x00000000   Number         0  timer.o ABSOLUTE
    app\usart3.c                             0x00000000   Number         0  usart3.o ABSOLUTE
    dc.s                                     0x00000000   Number         0  dc.o ABSOLUTE
    stm32f103\\startup\\core_cm3.c           0x00000000   Number         0  core_cm3.o ABSOLUTE
    stm32f103\libraries\misc.c               0x00000000   Number         0  misc.o ABSOLUTE
    stm32f103\libraries\stm32f10x_adc.c      0x00000000   Number         0  stm32f10x_adc.o ABSOLUTE
    stm32f103\libraries\stm32f10x_bkp.c      0x00000000   Number         0  stm32f10x_bkp.o ABSOLUTE
    stm32f103\libraries\stm32f10x_can.c      0x00000000   Number         0  stm32f10x_can.o ABSOLUTE
    stm32f103\libraries\stm32f10x_cec.c      0x00000000   Number         0  stm32f10x_cec.o ABSOLUTE
    stm32f103\libraries\stm32f10x_crc.c      0x00000000   Number         0  stm32f10x_crc.o ABSOLUTE
    stm32f103\libraries\stm32f10x_dac.c      0x00000000   Number         0  stm32f10x_dac.o ABSOLUTE
    stm32f103\libraries\stm32f10x_dbgmcu.c   0x00000000   Number         0  stm32f10x_dbgmcu.o ABSOLUTE
    stm32f103\libraries\stm32f10x_dma.c      0x00000000   Number         0  stm32f10x_dma.o ABSOLUTE
    stm32f103\libraries\stm32f10x_exti.c     0x00000000   Number         0  stm32f10x_exti.o ABSOLUTE
    stm32f103\libraries\stm32f10x_flash.c    0x00000000   Number         0  stm32f10x_flash.o ABSOLUTE
    stm32f103\libraries\stm32f10x_fsmc.c     0x00000000   Number         0  stm32f10x_fsmc.o ABSOLUTE
    stm32f103\libraries\stm32f10x_gpio.c     0x00000000   Number         0  stm32f10x_gpio.o ABSOLUTE
    stm32f103\libraries\stm32f10x_i2c.c      0x00000000   Number         0  stm32f10x_i2c.o ABSOLUTE
    stm32f103\libraries\stm32f10x_iwdg.c     0x00000000   Number         0  stm32f10x_iwdg.o ABSOLUTE
    stm32f103\libraries\stm32f10x_pwr.c      0x00000000   Number         0  stm32f10x_pwr.o ABSOLUTE
    stm32f103\libraries\stm32f10x_rcc.c      0x00000000   Number         0  stm32f10x_rcc.o ABSOLUTE
    stm32f103\libraries\stm32f10x_rtc.c      0x00000000   Number         0  stm32f10x_rtc.o ABSOLUTE
    stm32f103\libraries\stm32f10x_sdio.c     0x00000000   Number         0  stm32f10x_sdio.o ABSOLUTE
    stm32f103\libraries\stm32f10x_spi.c      0x00000000   Number         0  stm32f10x_spi.o ABSOLUTE
    stm32f103\libraries\stm32f10x_tim.c      0x00000000   Number         0  stm32f10x_tim.o ABSOLUTE
    stm32f103\libraries\stm32f10x_usart.c    0x00000000   Number         0  stm32f10x_usart.o ABSOLUTE
    stm32f103\libraries\stm32f10x_wwdg.c     0x00000000   Number         0  stm32f10x_wwdg.o ABSOLUTE
    stm32f103\startup\core_cm3.c             0x00000000   Number         0  core_cm3.o ABSOLUTE
    stm32f103\startup\startup_stm32f10x_md.s 0x00000000   Number         0  startup_stm32f10x_md.o ABSOLUTE
    stm32f103\startup\system_stm32f10x.c     0x00000000   Number         0  system_stm32f10x.o ABSOLUTE
    system\\sys.c                            0x00000000   Number         0  sys.o ABSOLUTE
    system\delay.c                           0x00000000   Number         0  delay.o ABSOLUTE
    system\sys.c                             0x00000000   Number         0  sys.o ABSOLUTE
    system\usart1.c                          0x00000000   Number         0  usart1.o ABSOLUTE
    user\includes.c                          0x00000000   Number         0  includes.o ABSOLUTE
    user\main.c                              0x00000000   Number         0  main.o ABSOLUTE
    user\stm32f10x_it.c                      0x00000000   Number         0  stm32f10x_it.o ABSOLUTE
    RESET                                    0x08000000   Section      236  startup_stm32f10x_md.o(RESET)
    !!!main                                  0x080000ec   Section        8  __main.o(!!!main)
    !!!scatter                               0x080000f4   Section       52  __scatter.o(!!!scatter)
    !!handler_copy                           0x08000128   Section       26  __scatter_copy.o(!!handler_copy)
    !!handler_zi                             0x08000144   Section       28  __scatter_zi.o(!!handler_zi)
    .ARM.Collect$$_printf_percent$$00000000  0x08000160   Section        0  _printf_percent.o(.ARM.Collect$$_printf_percent$$00000000)
    .ARM.Collect$$_printf_percent$$00000017  0x08000160   Section        4  _printf_percent_end.o(.ARM.Collect$$_printf_percent$$00000017)
    .ARM.Collect$$libinit$$00000000          0x08000164   Section        2  libinit.o(.ARM.Collect$$libinit$$00000000)
    .ARM.Collect$$libinit$$00000002          0x08000166   Section        0  libinit2.o(.ARM.Collect$$libinit$$00000002)
    .ARM.Collect$$libinit$$00000004          0x08000166   Section        0  libinit2.o(.ARM.Collect$$libinit$$00000004)
    .ARM.Collect$$libinit$$0000000A          0x08000166   Section        0  libinit2.o(.ARM.Collect$$libinit$$0000000A)
    .ARM.Collect$$libinit$$0000000C          0x08000166   Section        0  libinit2.o(.ARM.Collect$$libinit$$0000000C)
    .ARM.Collect$$libinit$$0000000E          0x08000166   Section        0  libinit2.o(.ARM.Collect$$libinit$$0000000E)
    .ARM.Collect$$libinit$$00000011          0x08000166   Section        0  libinit2.o(.ARM.Collect$$libinit$$00000011)
    .ARM.Collect$$libinit$$00000013          0x08000166   Section        0  libinit2.o(.ARM.Collect$$libinit$$00000013)
    .ARM.Collect$$libinit$$00000015          0x08000166   Section        0  libinit2.o(.ARM.Collect$$libinit$$00000015)
    .ARM.Collect$$libinit$$00000017          0x08000166   Section        0  libinit2.o(.ARM.Collect$$libinit$$00000017)
    .ARM.Collect$$libinit$$00000019          0x08000166   Section        0  libinit2.o(.ARM.Collect$$libinit$$00000019)
    .ARM.Collect$$libinit$$0000001B          0x08000166   Section        0  libinit2.o(.ARM.Collect$$libinit$$0000001B)
    .ARM.Collect$$libinit$$0000001D          0x08000166   Section        0  libinit2.o(.ARM.Collect$$libinit$$0000001D)
    .ARM.Collect$$libinit$$0000001F          0x08000166   Section        0  libinit2.o(.ARM.Collect$$libinit$$0000001F)
    .ARM.Collect$$libinit$$00000021          0x08000166   Section        0  libinit2.o(.ARM.Collect$$libinit$$00000021)
    .ARM.Collect$$libinit$$00000023          0x08000166   Section        0  libinit2.o(.ARM.Collect$$libinit$$00000023)
    .ARM.Collect$$libinit$$00000025          0x08000166   Section        0  libinit2.o(.ARM.Collect$$libinit$$00000025)
    .ARM.Collect$$libinit$$0000002C          0x08000166   Section        0  libinit2.o(.ARM.Collect$$libinit$$0000002C)
    .ARM.Collect$$libinit$$0000002E          0x08000166   Section        0  libinit2.o(.ARM.Collect$$libinit$$0000002E)
    .ARM.Collect$$libinit$$00000030          0x08000166   Section        0  libinit2.o(.ARM.Collect$$libinit$$00000030)
    .ARM.Collect$$libinit$$00000032          0x08000166   Section        0  libinit2.o(.ARM.Collect$$libinit$$00000032)
    .ARM.Collect$$libinit$$00000033          0x08000166   Section        2  libinit2.o(.ARM.Collect$$libinit$$00000033)
    .ARM.Collect$$libshutdown$$00000000      0x08000168   Section        2  libshutdown.o(.ARM.Collect$$libshutdown$$00000000)
    .ARM.Collect$$libshutdown$$00000002      0x0800016a   Section        0  libshutdown2.o(.ARM.Collect$$libshutdown$$00000002)
    .ARM.Collect$$libshutdown$$00000004      0x0800016a   Section        0  libshutdown2.o(.ARM.Collect$$libshutdown$$00000004)
    .ARM.Collect$$libshutdown$$00000007      0x0800016a   Section        0  libshutdown2.o(.ARM.Collect$$libshutdown$$00000007)
    .ARM.Collect$$libshutdown$$0000000A      0x0800016a   Section        0  libshutdown2.o(.ARM.Collect$$libshutdown$$0000000A)
    .ARM.Collect$$libshutdown$$0000000C      0x0800016a   Section        0  libshutdown2.o(.ARM.Collect$$libshutdown$$0000000C)
    .ARM.Collect$$libshutdown$$0000000F      0x0800016a   Section        0  libshutdown2.o(.ARM.Collect$$libshutdown$$0000000F)
    .ARM.Collect$$libshutdown$$00000010      0x0800016a   Section        2  libshutdown2.o(.ARM.Collect$$libshutdown$$00000010)
    .ARM.Collect$$rtentry$$00000000          0x0800016c   Section        0  __rtentry.o(.ARM.Collect$$rtentry$$00000000)
    .ARM.Collect$$rtentry$$00000002          0x0800016c   Section        0  __rtentry2.o(.ARM.Collect$$rtentry$$00000002)
    .ARM.Collect$$rtentry$$00000004          0x0800016c   Section        6  __rtentry4.o(.ARM.Collect$$rtentry$$00000004)
    .ARM.Collect$$rtentry$$00000009          0x08000172   Section        0  __rtentry2.o(.ARM.Collect$$rtentry$$00000009)
    .ARM.Collect$$rtentry$$0000000A          0x08000172   Section        4  __rtentry2.o(.ARM.Collect$$rtentry$$0000000A)
    .ARM.Collect$$rtentry$$0000000C          0x08000176   Section        0  __rtentry2.o(.ARM.Collect$$rtentry$$0000000C)
    .ARM.Collect$$rtentry$$0000000D          0x08000176   Section        8  __rtentry2.o(.ARM.Collect$$rtentry$$0000000D)
    .ARM.Collect$$rtexit$$00000000           0x0800017e   Section        2  rtexit.o(.ARM.Collect$$rtexit$$00000000)
    .ARM.Collect$$rtexit$$00000002           0x08000180   Section        0  rtexit2.o(.ARM.Collect$$rtexit$$00000002)
    .ARM.Collect$$rtexit$$00000003           0x08000180   Section        4  rtexit2.o(.ARM.Collect$$rtexit$$00000003)
    .ARM.Collect$$rtexit$$00000004           0x08000184   Section        6  rtexit2.o(.ARM.Collect$$rtexit$$00000004)
    .text                                    0x0800018c   Section       64  startup_stm32f10x_md.o(.text)
    .text                                    0x080001cc   Section        2  use_no_semi_2.o(.text)
    .text                                    0x080001d0   Section        0  __2printf.o(.text)
    .text                                    0x080001e8   Section        0  __printf_flags_ss_wp.o(.text)
    .text                                    0x08000370   Section        0  heapauxi.o(.text)
    .text                                    0x08000376   Section        2  use_no_semi.o(.text)
    .text                                    0x08000378   Section        0  _printf_char_common.o(.text)
    _printf_input_char                       0x08000379   Thumb Code    10  _printf_char_common.o(.text)
    .text                                    0x080003a8   Section        0  _printf_char_file.o(.text)
    .text                                    0x080003cc   Section        0  ferror.o(.text)
    .text                                    0x080003d4   Section       74  sys_stackheap_outer.o(.text)
    .text                                    0x0800041e   Section        0  exit.o(.text)
    .text                                    0x08000430   Section        8  libspace.o(.text)
    i.BKP_DeInit                             0x08000438   Section        0  stm32f10x_bkp.o(i.BKP_DeInit)
    i.BKP_ReadBackupRegister                 0x0800044c   Section        0  stm32f10x_bkp.o(i.BKP_ReadBackupRegister)
    i.BKP_WriteBackupRegister                0x0800045c   Section        0  stm32f10x_bkp.o(i.BKP_WriteBackupRegister)
    i.BusFault_Handler                       0x0800046c   Section        0  stm32f10x_it.o(i.BusFault_Handler)
    i.DebugMon_Handler                       0x0800046e   Section        0  stm32f10x_it.o(i.DebugMon_Handler)
    i.EXTI_ClearITPendingBit                 0x08000470   Section        0  stm32f10x_exti.o(i.EXTI_ClearITPendingBit)
    i.EXTI_Init                              0x0800047c   Section        0  stm32f10x_exti.o(i.EXTI_Init)
    i.GPIO_Init                              0x080004ec   Section        0  stm32f10x_gpio.o(i.GPIO_Init)
    i.GPIO_PinRemapConfig                    0x08000588   Section        0  stm32f10x_gpio.o(i.GPIO_PinRemapConfig)
    i.GPIO_ReadInputDataBit                  0x080005e0   Section        0  stm32f10x_gpio.o(i.GPIO_ReadInputDataBit)
    i.HardFault_Handler                      0x080005ee   Section        0  stm32f10x_it.o(i.HardFault_Handler)
    i.Is_Leap_Year                           0x080005f0   Section        0  rtc.o(i.Is_Leap_Year)
    i.KEY_Init                               0x08000618   Section        0  key.o(i.KEY_Init)
    i.LED_Init                               0x08000640   Section        0  led.o(i.LED_Init)
    i.MemManage_Handler                      0x080006f4   Section        0  stm32f10x_it.o(i.MemManage_Handler)
    i.NMI_Handler                            0x080006f6   Section        0  stm32f10x_it.o(i.NMI_Handler)
    i.NVIC_Init                              0x080006f8   Section        0  misc.o(i.NVIC_Init)
    i.NVIC_PriorityGroupConfig               0x0800075c   Section        0  misc.o(i.NVIC_PriorityGroupConfig)
    i.PWR_BackupAccessCmd                    0x08000770   Section        0  stm32f10x_pwr.o(i.PWR_BackupAccessCmd)
    i.PendSV_Handler                         0x0800077c   Section        0  stm32f10x_it.o(i.PendSV_Handler)
    i.RCC_APB1PeriphClockCmd                 0x08000780   Section        0  stm32f10x_rcc.o(i.RCC_APB1PeriphClockCmd)
    i.RCC_APB1PeriphResetCmd                 0x08000798   Section        0  stm32f10x_rcc.o(i.RCC_APB1PeriphResetCmd)
    i.RCC_APB2PeriphClockCmd                 0x080007b0   Section        0  stm32f10x_rcc.o(i.RCC_APB2PeriphClockCmd)
    i.RCC_APB2PeriphResetCmd                 0x080007c8   Section        0  stm32f10x_rcc.o(i.RCC_APB2PeriphResetCmd)
    i.RCC_BackupResetCmd                     0x080007e0   Section        0  stm32f10x_rcc.o(i.RCC_BackupResetCmd)
    i.RCC_GetClocksFreq                      0x080007ec   Section        0  stm32f10x_rcc.o(i.RCC_GetClocksFreq)
    i.RCC_GetFlagStatus                      0x08000880   Section        0  stm32f10x_rcc.o(i.RCC_GetFlagStatus)
    i.RCC_LSEConfig                          0x080008b0   Section        0  stm32f10x_rcc.o(i.RCC_LSEConfig)
    i.RCC_RTCCLKCmd                          0x080008d0   Section        0  stm32f10x_rcc.o(i.RCC_RTCCLKCmd)
    i.RCC_RTCCLKConfig                       0x080008dc   Section        0  stm32f10x_rcc.o(i.RCC_RTCCLKConfig)
    i.RTCAlarm_IRQHandler                    0x080008ec   Section        0  rtc.o(i.RTCAlarm_IRQHandler)
    i.RTC_Alarm_Set                          0x08000940   Section        0  rtc.o(i.RTC_Alarm_Set)
    i.RTC_ClearITPendingBit                  0x08000970   Section        0  stm32f10x_rtc.o(i.RTC_ClearITPendingBit)
    i.RTC_EnterConfigMode                    0x08000980   Section        0  stm32f10x_rtc.o(i.RTC_EnterConfigMode)
    i.RTC_ExitConfigMode                     0x08000990   Section        0  stm32f10x_rtc.o(i.RTC_ExitConfigMode)
    i.RTC_Get                                0x080009a0   Section        0  rtc.o(i.RTC_Get)
    i.RTC_GetCounter                         0x080009b8   Section        0  stm32f10x_rtc.o(i.RTC_GetCounter)
    i.RTC_GetITStatus                        0x080009cc   Section        0  stm32f10x_rtc.o(i.RTC_GetITStatus)
    i.RTC_Get_Week                           0x080009ec   Section        0  rtc.o(i.RTC_Get_Week)
    i.RTC_IRQHandler                         0x08000a3c   Section        0  rtc.o(i.RTC_IRQHandler)
    i.RTC_ITConfig                           0x08000a58   Section        0  stm32f10x_rtc.o(i.RTC_ITConfig)
    i.RTC_Init                               0x08000a70   Section        0  rtc.o(i.RTC_Init)
    i.RTC_Set                                0x08000bf0   Section        0  rtc.o(i.RTC_Set)
    i.RTC_SetAlarm                           0x08000c20   Section        0  stm32f10x_rtc.o(i.RTC_SetAlarm)
    i.RTC_SetCounter                         0x08000c40   Section        0  stm32f10x_rtc.o(i.RTC_SetCounter)
    i.RTC_SetPrescaler                       0x08000c60   Section        0  stm32f10x_rtc.o(i.RTC_SetPrescaler)
    i.RTC_WaitForLastTask                    0x08000c80   Section        0  stm32f10x_rtc.o(i.RTC_WaitForLastTask)
    i.RTC_WaitForSynchro                     0x08000c90   Section        0  stm32f10x_rtc.o(i.RTC_WaitForSynchro)
    i.SVC_Handler                            0x08000ca8   Section        0  stm32f10x_it.o(i.SVC_Handler)
    i.SetSysClockTo72                        0x08000cac   Section        0  system_stm32f10x.o(i.SetSysClockTo72)
    SetSysClockTo72                          0x08000cad   Thumb Code   160  system_stm32f10x.o(i.SetSysClockTo72)
    i.SysTick_CLKSourceConfig                0x08000d54   Section        0  misc.o(i.SysTick_CLKSourceConfig)
    i.SysTick_Handler                        0x08000d6c   Section        0  stm32f10x_it.o(i.SysTick_Handler)
    i.SystemInit                             0x08000d70   Section        0  system_stm32f10x.o(i.SystemInit)
    i.TIM4_IRQHandler                        0x08000dc0   Section        0  timer.o(i.TIM4_IRQHandler)
    i.TIM4_Int_Init                          0x08000df8   Section        0  timer.o(i.TIM4_Int_Init)
    i.TIM_ClearITPendingBit                  0x08000e58   Section        0  stm32f10x_tim.o(i.TIM_ClearITPendingBit)
    i.TIM_Cmd                                0x08000e5e   Section        0  stm32f10x_tim.o(i.TIM_Cmd)
    i.TIM_GetITStatus                        0x08000e72   Section        0  stm32f10x_tim.o(i.TIM_GetITStatus)
    i.TIM_ITConfig                           0x08000e8a   Section        0  stm32f10x_tim.o(i.TIM_ITConfig)
    i.TIM_SetCounter                         0x08000e9a   Section        0  stm32f10x_tim.o(i.TIM_SetCounter)
    i.TIM_TimeBaseInit                       0x08000ea0   Section        0  stm32f10x_tim.o(i.TIM_TimeBaseInit)
    i.USART1_IRQHandler                      0x08000f3c   Section        0  usart1.o(i.USART1_IRQHandler)
    i.USART1_Init                            0x08000fa4   Section        0  usart1.o(i.USART1_Init)
    i.USART3_IRQHandler                      0x080010b8   Section        0  usart3.o(i.USART3_IRQHandler)
    i.USART_Cmd                              0x08001128   Section        0  stm32f10x_usart.o(i.USART_Cmd)
    i.USART_DeInit                           0x0800113c   Section        0  stm32f10x_usart.o(i.USART_DeInit)
    i.USART_GetITStatus                      0x080011b0   Section        0  stm32f10x_usart.o(i.USART_GetITStatus)
    i.USART_ITConfig                         0x080011ee   Section        0  stm32f10x_usart.o(i.USART_ITConfig)
    i.USART_Init                             0x08001220   Section        0  stm32f10x_usart.o(i.USART_Init)
    i.USART_ReceiveData                      0x080012cc   Section        0  stm32f10x_usart.o(i.USART_ReceiveData)
    i.UsageFault_Handler                     0x080012d4   Section        0  stm32f10x_it.o(i.UsageFault_Handler)
    i._is_digit                              0x080012d6   Section        0  __printf_wp.o(i._is_digit)
    i._sys_exit                              0x080012e4   Section        0  usart1.o(i._sys_exit)
    i.delay_init                             0x080012e8   Section        0  delay.o(i.delay_init)
    i.delay_ms                               0x08001324   Section        0  delay.o(i.delay_ms)
    i.fputc                                  0x080013bc   Section        0  usart1.o(i.fputc)
    i.initAll                                0x080013d4   Section        0  main.o(i.initAll)
    i.loopAll                                0x0800140c   Section        0  main.o(i.loopAll)
    i.main                                   0x08001418   Section        0  main.o(i.main)
    i.recvData                               0x08001428   Section        0  dl_ln3x_recv.o(i.recvData)
    recvData                                 0x08001429   Thumb Code    44  dl_ln3x_recv.o(i.recvData)
    i.recvTerminal                           0x0800145c   Section        0  dl_ln3x_recv.o(i.recvTerminal)
    recvTerminal                             0x0800145d   Thumb Code    52  dl_ln3x_recv.o(i.recvTerminal)
    i.sec_2_time                             0x08001498   Section        0  rtc.o(i.sec_2_time)
    i.time_2_sec                             0x08001560   Section        0  rtc.o(i.time_2_sec)
    i.uartRevieveByte                        0x08001610   Section        0  dl_ln3x_recv.o(i.uartRevieveByte)
    i.usart3_init                            0x08001660   Section        0  usart3.o(i.usart3_init)
    .constdata                               0x0800172c   Section       24  rtc.o(.constdata)
    .constdata                               0x08001744   Section       17  __printf_flags_ss_wp.o(.constdata)
    maptable                                 0x08001744   Data          17  __printf_flags_ss_wp.o(.constdata)
    .data                                    0x20000000   Section        8  delay.o(.data)
    fac_us                                   0x20000000   Data           1  delay.o(.data)
    fac_ms                                   0x20000002   Data           2  delay.o(.data)
    .data                                    0x20000008   Section        2  usart1.o(.data)
    .data                                    0x2000000c   Section        4  usart1.o(.data)
    .data                                    0x20000010   Section       20  system_stm32f10x.o(.data)
    .data                                    0x20000024   Section       20  stm32f10x_rcc.o(.data)
    ADCPrescTable                            0x20000024   Data           4  stm32f10x_rcc.o(.data)
    APBAHBPrescTable                         0x20000028   Data          16  stm32f10x_rcc.o(.data)
    .data                                    0x20000038   Section        5  dl_ln3x_recv.o(.data)
    escape                                   0x20000038   Data           1  dl_ln3x_recv.o(.data)
    Loading                                  0x20000039   Data           1  dl_ln3x_recv.o(.data)
    Recv_counter                             0x2000003a   Data           1  dl_ln3x_recv.o(.data)
    Received                                 0x2000003b   Data           1  dl_ln3x_recv.o(.data)
    Locked                                   0x2000003c   Data           1  dl_ln3x_recv.o(.data)
    .data                                    0x2000003e   Section        2  usart3.o(.data)
    .bss                                     0x20000040   Section      800  usart1.o(.bss)
    .bss                                     0x20000360   Section       10  rtc.o(.bss)
    .bss                                     0x2000036a   Section      128  dl_ln3x_recv.o(.bss)
    recv_temp                                0x2000036a   Data         128  dl_ln3x_recv.o(.bss)
    .bss                                     0x200003ea   Section      200  usart3.o(.bss)
    .bss                                     0x200004b4   Section       96  libspace.o(.bss)
    HEAP                                     0x20000518   Section      512  startup_stm32f10x_md.o(HEAP)
    Heap_Mem                                 0x20000518   Data         512  startup_stm32f10x_md.o(HEAP)
    STACK                                    0x20000718   Section     1024  startup_stm32f10x_md.o(STACK)
    Stack_Mem                                0x20000718   Data        1024  startup_stm32f10x_md.o(STACK)
    __initial_sp                             0x20000b18   Data           0  startup_stm32f10x_md.o(STACK)

    Global Symbols

    Symbol Name                              Value     Ov Type        Size  Object(Section)

    BuildAttributes$$THM_ISAv4$P$D$K$B$S$PE$A:L22UL41UL21$X:L11$S22US41US21$IEEE1$IW$USESV6$~STKCKD$USESV7$~SHL$OTIME$ROPI$IEEEJ$EBA8$UX$STANDARDLIB$REQ8$PRES8$EABIv2 0x00000000   Number         0  anon$$obj.o ABSOLUTE
    __ARM_use_no_argv                        0x00000000   Number         0  main.o ABSOLUTE
    _printf_flags                            0x00000000   Number         0  printf_stubs.o ABSOLUTE
    _printf_return_value                     0x00000000   Number         0  printf_stubs.o ABSOLUTE
    _printf_sizespec                         0x00000000   Number         0  printf_stubs.o ABSOLUTE
    _printf_widthprec                        0x00000000   Number         0  printf_stubs.o ABSOLUTE
    __ARM_exceptions_init                     - Undefined Weak Reference
    __alloca_initialize                       - Undefined Weak Reference
    __arm_preinit_                            - Undefined Weak Reference
    __cpp_initialize__aeabi_                  - Undefined Weak Reference
    __cxa_finalize                            - Undefined Weak Reference
    __sigvec_lookup                           - Undefined Weak Reference
    _atexit_init                              - Undefined Weak Reference
    _call_atexit_fns                          - Undefined Weak Reference
    _clock_init                               - Undefined Weak Reference
    _fp_trap_init                             - Undefined Weak Reference
    _fp_trap_shutdown                         - Undefined Weak Reference
    _get_lc_collate                           - Undefined Weak Reference
    _get_lc_monetary                          - Undefined Weak Reference
    _get_lc_time                              - Undefined Weak Reference
    _getenv_init                              - Undefined Weak Reference
    _handle_redirection                       - Undefined Weak Reference
    _init_alloc                               - Undefined Weak Reference
    _init_user_alloc                          - Undefined Weak Reference
    _initio                                   - Undefined Weak Reference
    _mutex_acquire                            - Undefined Weak Reference
    _mutex_release                            - Undefined Weak Reference
    _printf_mbtowc                            - Undefined Weak Reference
    _printf_wc                                - Undefined Weak Reference
    _rand_init                                - Undefined Weak Reference
    _signal_finish                            - Undefined Weak Reference
    _signal_init                              - Undefined Weak Reference
    _terminate_alloc                          - Undefined Weak Reference
    _terminate_user_alloc                     - Undefined Weak Reference
    _terminateio                              - Undefined Weak Reference
    __Vectors_Size                           0x000000ec   Number         0  startup_stm32f10x_md.o ABSOLUTE
    __Vectors                                0x08000000   Data           4  startup_stm32f10x_md.o(RESET)
    __Vectors_End                            0x080000ec   Data           0  startup_stm32f10x_md.o(RESET)
    __main                                   0x080000ed   Thumb Code     8  __main.o(!!!main)
    __scatterload                            0x080000f5   Thumb Code     0  __scatter.o(!!!scatter)
    __scatterload_rt2                        0x080000f5   Thumb Code    44  __scatter.o(!!!scatter)
    __scatterload_rt2_thumb_only             0x080000f5   Thumb Code     0  __scatter.o(!!!scatter)
    __scatterload_null                       0x08000103   Thumb Code     0  __scatter.o(!!!scatter)
    __scatterload_copy                       0x08000129   Thumb Code    26  __scatter_copy.o(!!handler_copy)
    __scatterload_zeroinit                   0x08000145   Thumb Code    28  __scatter_zi.o(!!handler_zi)
    _printf_percent                          0x08000161   Thumb Code     0  _printf_percent.o(.ARM.Collect$$_printf_percent$$00000000)
    _printf_percent_end                      0x08000161   Thumb Code     0  _printf_percent_end.o(.ARM.Collect$$_printf_percent$$00000017)
    __rt_lib_init                            0x08000165   Thumb Code     0  libinit.o(.ARM.Collect$$libinit$$00000000)
    __rt_lib_init_alloca_1                   0x08000167   Thumb Code     0  libinit2.o(.ARM.Collect$$libinit$$0000002E)
    __rt_lib_init_argv_1                     0x08000167   Thumb Code     0  libinit2.o(.ARM.Collect$$libinit$$0000002C)
    __rt_lib_init_atexit_1                   0x08000167   Thumb Code     0  libinit2.o(.ARM.Collect$$libinit$$0000001B)
    __rt_lib_init_clock_1                    0x08000167   Thumb Code     0  libinit2.o(.ARM.Collect$$libinit$$00000021)
    __rt_lib_init_cpp_1                      0x08000167   Thumb Code     0  libinit2.o(.ARM.Collect$$libinit$$00000032)
    __rt_lib_init_exceptions_1               0x08000167   Thumb Code     0  libinit2.o(.ARM.Collect$$libinit$$00000030)
    __rt_lib_init_fp_1                       0x08000167   Thumb Code     0  libinit2.o(.ARM.Collect$$libinit$$00000002)
    __rt_lib_init_fp_trap_1                  0x08000167   Thumb Code     0  libinit2.o(.ARM.Collect$$libinit$$0000001F)
    __rt_lib_init_getenv_1                   0x08000167   Thumb Code     0  libinit2.o(.ARM.Collect$$libinit$$00000023)
    __rt_lib_init_heap_1                     0x08000167   Thumb Code     0  libinit2.o(.ARM.Collect$$libinit$$0000000A)
    __rt_lib_init_lc_collate_1               0x08000167   Thumb Code     0  libinit2.o(.ARM.Collect$$libinit$$00000011)
    __rt_lib_init_lc_ctype_1                 0x08000167   Thumb Code     0  libinit2.o(.ARM.Collect$$libinit$$00000013)
    __rt_lib_init_lc_monetary_1              0x08000167   Thumb Code     0  libinit2.o(.ARM.Collect$$libinit$$00000015)
    __rt_lib_init_lc_numeric_1               0x08000167   Thumb Code     0  libinit2.o(.ARM.Collect$$libinit$$00000017)
    __rt_lib_init_lc_time_1                  0x08000167   Thumb Code     0  libinit2.o(.ARM.Collect$$libinit$$00000019)
    __rt_lib_init_preinit_1                  0x08000167   Thumb Code     0  libinit2.o(.ARM.Collect$$libinit$$00000004)
    __rt_lib_init_rand_1                     0x08000167   Thumb Code     0  libinit2.o(.ARM.Collect$$libinit$$0000000E)
    __rt_lib_init_return                     0x08000167   Thumb Code     0  libinit2.o(.ARM.Collect$$libinit$$00000033)
    __rt_lib_init_signal_1                   0x08000167   Thumb Code     0  libinit2.o(.ARM.Collect$$libinit$$0000001D)
    __rt_lib_init_stdio_1                    0x08000167   Thumb Code     0  libinit2.o(.ARM.Collect$$libinit$$00000025)
    __rt_lib_init_user_alloc_1               0x08000167   Thumb Code     0  libinit2.o(.ARM.Collect$$libinit$$0000000C)
    __rt_lib_shutdown                        0x08000169   Thumb Code     0  libshutdown.o(.ARM.Collect$$libshutdown$$00000000)
    __rt_lib_shutdown_cpp_1                  0x0800016b   Thumb Code     0  libshutdown2.o(.ARM.Collect$$libshutdown$$00000002)
    __rt_lib_shutdown_fp_trap_1              0x0800016b   Thumb Code     0  libshutdown2.o(.ARM.Collect$$libshutdown$$00000007)
    __rt_lib_shutdown_heap_1                 0x0800016b   Thumb Code     0  libshutdown2.o(.ARM.Collect$$libshutdown$$0000000F)
    __rt_lib_shutdown_return                 0x0800016b   Thumb Code     0  libshutdown2.o(.ARM.Collect$$libshutdown$$00000010)
    __rt_lib_shutdown_signal_1               0x0800016b   Thumb Code     0  libshutdown2.o(.ARM.Collect$$libshutdown$$0000000A)
    __rt_lib_shutdown_stdio_1                0x0800016b   Thumb Code     0  libshutdown2.o(.ARM.Collect$$libshutdown$$00000004)
    __rt_lib_shutdown_user_alloc_1           0x0800016b   Thumb Code     0  libshutdown2.o(.ARM.Collect$$libshutdown$$0000000C)
    __rt_entry                               0x0800016d   Thumb Code     0  __rtentry.o(.ARM.Collect$$rtentry$$00000000)
    __rt_entry_presh_1                       0x0800016d   Thumb Code     0  __rtentry2.o(.ARM.Collect$$rtentry$$00000002)
    __rt_entry_sh                            0x0800016d   Thumb Code     0  __rtentry4.o(.ARM.Collect$$rtentry$$00000004)
    __rt_entry_li                            0x08000173   Thumb Code     0  __rtentry2.o(.ARM.Collect$$rtentry$$0000000A)
    __rt_entry_postsh_1                      0x08000173   Thumb Code     0  __rtentry2.o(.ARM.Collect$$rtentry$$00000009)
    __rt_entry_main                          0x08000177   Thumb Code     0  __rtentry2.o(.ARM.Collect$$rtentry$$0000000D)
    __rt_entry_postli_1                      0x08000177   Thumb Code     0  __rtentry2.o(.ARM.Collect$$rtentry$$0000000C)
    __rt_exit                                0x0800017f   Thumb Code     0  rtexit.o(.ARM.Collect$$rtexit$$00000000)
    __rt_exit_ls                             0x08000181   Thumb Code     0  rtexit2.o(.ARM.Collect$$rtexit$$00000003)
    __rt_exit_prels_1                        0x08000181   Thumb Code     0  rtexit2.o(.ARM.Collect$$rtexit$$00000002)
    __rt_exit_exit                           0x08000185   Thumb Code     0  rtexit2.o(.ARM.Collect$$rtexit$$00000004)
    Reset_Handler                            0x0800018d   Thumb Code     8  startup_stm32f10x_md.o(.text)
    ADC1_2_IRQHandler                        0x080001a7   Thumb Code     0  startup_stm32f10x_md.o(.text)
    CAN1_RX1_IRQHandler                      0x080001a7   Thumb Code     0  startup_stm32f10x_md.o(.text)
    CAN1_SCE_IRQHandler                      0x080001a7   Thumb Code     0  startup_stm32f10x_md.o(.text)
    DMA1_Channel1_IRQHandler                 0x080001a7   Thumb Code     0  startup_stm32f10x_md.o(.text)
    DMA1_Channel2_IRQHandler                 0x080001a7   Thumb Code     0  startup_stm32f10x_md.o(.text)
    DMA1_Channel3_IRQHandler                 0x080001a7   Thumb Code     0  startup_stm32f10x_md.o(.text)
    DMA1_Channel4_IRQHandler                 0x080001a7   Thumb Code     0  startup_stm32f10x_md.o(.text)
    DMA1_Channel5_IRQHandler                 0x080001a7   Thumb Code     0  startup_stm32f10x_md.o(.text)
    DMA1_Channel6_IRQHandler                 0x080001a7   Thumb Code     0  startup_stm32f10x_md.o(.text)
    DMA1_Channel7_IRQHandler                 0x080001a7   Thumb Code     0  startup_stm32f10x_md.o(.text)
    EXTI0_IRQHandler                         0x080001a7   Thumb Code     0  startup_stm32f10x_md.o(.text)
    EXTI15_10_IRQHandler                     0x080001a7   Thumb Code     0  startup_stm32f10x_md.o(.text)
    EXTI1_IRQHandler                         0x080001a7   Thumb Code     0  startup_stm32f10x_md.o(.text)
    EXTI2_IRQHandler                         0x080001a7   Thumb Code     0  startup_stm32f10x_md.o(.text)
    EXTI3_IRQHandler                         0x080001a7   Thumb Code     0  startup_stm32f10x_md.o(.text)
    EXTI4_IRQHandler                         0x080001a7   Thumb Code     0  startup_stm32f10x_md.o(.text)
    EXTI9_5_IRQHandler                       0x080001a7   Thumb Code     0  startup_stm32f10x_md.o(.text)
    FLASH_IRQHandler                         0x080001a7   Thumb Code     0  startup_stm32f10x_md.o(.text)
    I2C1_ER_IRQHandler                       0x080001a7   Thumb Code     0  startup_stm32f10x_md.o(.text)
    I2C1_EV_IRQHandler                       0x080001a7   Thumb Code     0  startup_stm32f10x_md.o(.text)
    I2C2_ER_IRQHandler                       0x080001a7   Thumb Code     0  startup_stm32f10x_md.o(.text)
    I2C2_EV_IRQHandler                       0x080001a7   Thumb Code     0  startup_stm32f10x_md.o(.text)
    PVD_IRQHandler                           0x080001a7   Thumb Code     0  startup_stm32f10x_md.o(.text)
    RCC_IRQHandler                           0x080001a7   Thumb Code     0  startup_stm32f10x_md.o(.text)
    SPI1_IRQHandler                          0x080001a7   Thumb Code     0  startup_stm32f10x_md.o(.text)
    SPI2_IRQHandler                          0x080001a7   Thumb Code     0  startup_stm32f10x_md.o(.text)
    TAMPER_IRQHandler                        0x080001a7   Thumb Code     0  startup_stm32f10x_md.o(.text)
    TIM1_BRK_IRQHandler                      0x080001a7   Thumb Code     0  startup_stm32f10x_md.o(.text)
    TIM1_CC_IRQHandler                       0x080001a7   Thumb Code     0  startup_stm32f10x_md.o(.text)
    TIM1_TRG_COM_IRQHandler                  0x080001a7   Thumb Code     0  startup_stm32f10x_md.o(.text)
    TIM1_UP_IRQHandler                       0x080001a7   Thumb Code     0  startup_stm32f10x_md.o(.text)
    TIM2_IRQHandler                          0x080001a7   Thumb Code     0  startup_stm32f10x_md.o(.text)
    TIM3_IRQHandler                          0x080001a7   Thumb Code     0  startup_stm32f10x_md.o(.text)
    USART2_IRQHandler                        0x080001a7   Thumb Code     0  startup_stm32f10x_md.o(.text)
    USBWakeUp_IRQHandler                     0x080001a7   Thumb Code     0  startup_stm32f10x_md.o(.text)
    USB_HP_CAN1_TX_IRQHandler                0x080001a7   Thumb Code     0  startup_stm32f10x_md.o(.text)
    USB_LP_CAN1_RX0_IRQHandler               0x080001a7   Thumb Code     0  startup_stm32f10x_md.o(.text)
    WWDG_IRQHandler                          0x080001a7   Thumb Code     0  startup_stm32f10x_md.o(.text)
    __user_initial_stackheap                 0x080001a9   Thumb Code     0  startup_stm32f10x_md.o(.text)
    __use_no_semihosting                     0x080001cd   Thumb Code     2  use_no_semi_2.o(.text)
    __2printf                                0x080001d1   Thumb Code    20  __2printf.o(.text)
    __printf                                 0x080001e9   Thumb Code   388  __printf_flags_ss_wp.o(.text)
    __use_two_region_memory                  0x08000371   Thumb Code     2  heapauxi.o(.text)
    __rt_heap_escrow$2region                 0x08000373   Thumb Code     2  heapauxi.o(.text)
    __rt_heap_expand$2region                 0x08000375   Thumb Code     2  heapauxi.o(.text)
    __I$use$semihosting                      0x08000377   Thumb Code     0  use_no_semi.o(.text)
    __use_no_semihosting_swi                 0x08000377   Thumb Code     2  use_no_semi.o(.text)
    _printf_char_common                      0x08000383   Thumb Code    32  _printf_char_common.o(.text)
    _printf_char_file                        0x080003a9   Thumb Code    32  _printf_char_file.o(.text)
    ferror                                   0x080003cd   Thumb Code     8  ferror.o(.text)
    __user_setup_stackheap                   0x080003d5   Thumb Code    74  sys_stackheap_outer.o(.text)
    exit                                     0x0800041f   Thumb Code    18  exit.o(.text)
    __user_libspace                          0x08000431   Thumb Code     8  libspace.o(.text)
    __user_perproc_libspace                  0x08000431   Thumb Code     0  libspace.o(.text)
    __user_perthread_libspace                0x08000431   Thumb Code     0  libspace.o(.text)
    BKP_DeInit                               0x08000439   Thumb Code    18  stm32f10x_bkp.o(i.BKP_DeInit)
    BKP_ReadBackupRegister                   0x0800044d   Thumb Code    12  stm32f10x_bkp.o(i.BKP_ReadBackupRegister)
    BKP_WriteBackupRegister                  0x0800045d   Thumb Code    12  stm32f10x_bkp.o(i.BKP_WriteBackupRegister)
    BusFault_Handler                         0x0800046d   Thumb Code     2  stm32f10x_it.o(i.BusFault_Handler)
    DebugMon_Handler                         0x0800046f   Thumb Code     2  stm32f10x_it.o(i.DebugMon_Handler)
    EXTI_ClearITPendingBit                   0x08000471   Thumb Code     6  stm32f10x_exti.o(i.EXTI_ClearITPendingBit)
    EXTI_Init                                0x0800047d   Thumb Code   108  stm32f10x_exti.o(i.EXTI_Init)
    GPIO_Init                                0x080004ed   Thumb Code   156  stm32f10x_gpio.o(i.GPIO_Init)
    GPIO_PinRemapConfig                      0x08000589   Thumb Code    82  stm32f10x_gpio.o(i.GPIO_PinRemapConfig)
    GPIO_ReadInputDataBit                    0x080005e1   Thumb Code    14  stm32f10x_gpio.o(i.GPIO_ReadInputDataBit)
    HardFault_Handler                        0x080005ef   Thumb Code     2  stm32f10x_it.o(i.HardFault_Handler)
    Is_Leap_Year                             0x080005f1   Thumb Code    38  rtc.o(i.Is_Leap_Year)
    KEY_Init                                 0x08000619   Thumb Code    34  key.o(i.KEY_Init)
    LED_Init                                 0x08000641   Thumb Code   168  led.o(i.LED_Init)
    MemManage_Handler                        0x080006f5   Thumb Code     2  stm32f10x_it.o(i.MemManage_Handler)
    NMI_Handler                              0x080006f7   Thumb Code     2  stm32f10x_it.o(i.NMI_Handler)
    NVIC_Init                                0x080006f9   Thumb Code    94  misc.o(i.NVIC_Init)
    NVIC_PriorityGroupConfig                 0x0800075d   Thumb Code    10  misc.o(i.NVIC_PriorityGroupConfig)
    PWR_BackupAccessCmd                      0x08000771   Thumb Code     6  stm32f10x_pwr.o(i.PWR_BackupAccessCmd)
    PendSV_Handler                           0x0800077d   Thumb Code     2  stm32f10x_it.o(i.PendSV_Handler)
    RCC_APB1PeriphClockCmd                   0x08000781   Thumb Code    18  stm32f10x_rcc.o(i.RCC_APB1PeriphClockCmd)
    RCC_APB1PeriphResetCmd                   0x08000799   Thumb Code    18  stm32f10x_rcc.o(i.RCC_APB1PeriphResetCmd)
    RCC_APB2PeriphClockCmd                   0x080007b1   Thumb Code    18  stm32f10x_rcc.o(i.RCC_APB2PeriphClockCmd)
    RCC_APB2PeriphResetCmd                   0x080007c9   Thumb Code    18  stm32f10x_rcc.o(i.RCC_APB2PeriphResetCmd)
    RCC_BackupResetCmd                       0x080007e1   Thumb Code     6  stm32f10x_rcc.o(i.RCC_BackupResetCmd)
    RCC_GetClocksFreq                        0x080007ed   Thumb Code   132  stm32f10x_rcc.o(i.RCC_GetClocksFreq)
    RCC_GetFlagStatus                        0x08000881   Thumb Code    42  stm32f10x_rcc.o(i.RCC_GetFlagStatus)
    RCC_LSEConfig                            0x080008b1   Thumb Code    28  stm32f10x_rcc.o(i.RCC_LSEConfig)
    RCC_RTCCLKCmd                            0x080008d1   Thumb Code     6  stm32f10x_rcc.o(i.RCC_RTCCLKCmd)
    RCC_RTCCLKConfig                         0x080008dd   Thumb Code    10  stm32f10x_rcc.o(i.RCC_RTCCLKConfig)
    RTCAlarm_IRQHandler                      0x080008ed   Thumb Code    42  rtc.o(i.RTCAlarm_IRQHandler)
    RTC_Alarm_Set                            0x08000941   Thumb Code    46  rtc.o(i.RTC_Alarm_Set)
    RTC_ClearITPendingBit                    0x08000971   Thumb Code    10  stm32f10x_rtc.o(i.RTC_ClearITPendingBit)
    RTC_EnterConfigMode                      0x08000981   Thumb Code    12  stm32f10x_rtc.o(i.RTC_EnterConfigMode)
    RTC_ExitConfigMode                       0x08000991   Thumb Code    12  stm32f10x_rtc.o(i.RTC_ExitConfigMode)
    RTC_Get                                  0x080009a1   Thumb Code    18  rtc.o(i.RTC_Get)
    RTC_GetCounter                           0x080009b9   Thumb Code    16  stm32f10x_rtc.o(i.RTC_GetCounter)
    RTC_GetITStatus                          0x080009cd   Thumb Code    28  stm32f10x_rtc.o(i.RTC_GetITStatus)
    RTC_Get_Week                             0x080009ed   Thumb Code    76  rtc.o(i.RTC_Get_Week)
    RTC_IRQHandler                           0x08000a3d   Thumb Code    28  rtc.o(i.RTC_IRQHandler)
    RTC_ITConfig                             0x08000a59   Thumb Code    18  stm32f10x_rtc.o(i.RTC_ITConfig)
    RTC_Init                                 0x08000a71   Thumb Code   334  rtc.o(i.RTC_Init)
    RTC_Set                                  0x08000bf1   Thumb Code    46  rtc.o(i.RTC_Set)
    RTC_SetAlarm                             0x08000c21   Thumb Code    26  stm32f10x_rtc.o(i.RTC_SetAlarm)
    RTC_SetCounter                           0x08000c41   Thumb Code    26  stm32f10x_rtc.o(i.RTC_SetCounter)
    RTC_SetPrescaler                         0x08000c61   Thumb Code    28  stm32f10x_rtc.o(i.RTC_SetPrescaler)
    RTC_WaitForLastTask                      0x08000c81   Thumb Code    10  stm32f10x_rtc.o(i.RTC_WaitForLastTask)
    RTC_WaitForSynchro                       0x08000c91   Thumb Code    18  stm32f10x_rtc.o(i.RTC_WaitForSynchro)
    SVC_Handler                              0x08000ca9   Thumb Code     2  stm32f10x_it.o(i.SVC_Handler)
    SysTick_CLKSourceConfig                  0x08000d55   Thumb Code    24  misc.o(i.SysTick_CLKSourceConfig)
    SysTick_Handler                          0x08000d6d   Thumb Code     2  stm32f10x_it.o(i.SysTick_Handler)
    SystemInit                               0x08000d71   Thumb Code    64  system_stm32f10x.o(i.SystemInit)
    TIM4_IRQHandler                          0x08000dc1   Thumb Code    48  timer.o(i.TIM4_IRQHandler)
    TIM4_Int_Init                            0x08000df9   Thumb Code    90  timer.o(i.TIM4_Int_Init)
    TIM_ClearITPendingBit                    0x08000e59   Thumb Code     6  stm32f10x_tim.o(i.TIM_ClearITPendingBit)
    TIM_Cmd                                  0x08000e5f   Thumb Code    20  stm32f10x_tim.o(i.TIM_Cmd)
    TIM_GetITStatus                          0x08000e73   Thumb Code    24  stm32f10x_tim.o(i.TIM_GetITStatus)
    TIM_ITConfig                             0x08000e8b   Thumb Code    16  stm32f10x_tim.o(i.TIM_ITConfig)
    TIM_SetCounter                           0x08000e9b   Thumb Code     4  stm32f10x_tim.o(i.TIM_SetCounter)
    TIM_TimeBaseInit                         0x08000ea1   Thumb Code   114  stm32f10x_tim.o(i.TIM_TimeBaseInit)
    USART1_IRQHandler                        0x08000f3d   Thumb Code    90  usart1.o(i.USART1_IRQHandler)
    USART1_Init                              0x08000fa5   Thumb Code   264  usart1.o(i.USART1_Init)
    USART3_IRQHandler                        0x080010b9   Thumb Code    96  usart3.o(i.USART3_IRQHandler)
    USART_Cmd                                0x08001129   Thumb Code    20  stm32f10x_usart.o(i.USART_Cmd)
    USART_DeInit                             0x0800113d   Thumb Code    96  stm32f10x_usart.o(i.USART_DeInit)
    USART_GetITStatus                        0x080011b1   Thumb Code    62  stm32f10x_usart.o(i.USART_GetITStatus)
    USART_ITConfig                           0x080011ef   Thumb Code    48  stm32f10x_usart.o(i.USART_ITConfig)
    USART_Init                               0x08001221   Thumb Code   166  stm32f10x_usart.o(i.USART_Init)
    USART_ReceiveData                        0x080012cd   Thumb Code     8  stm32f10x_usart.o(i.USART_ReceiveData)
    UsageFault_Handler                       0x080012d5   Thumb Code     2  stm32f10x_it.o(i.UsageFault_Handler)
    _is_digit                                0x080012d7   Thumb Code    14  __printf_wp.o(i._is_digit)
    _sys_exit                                0x080012e5   Thumb Code     2  usart1.o(i._sys_exit)
    delay_init                               0x080012e9   Thumb Code    46  delay.o(i.delay_init)
    delay_ms                                 0x08001325   Thumb Code   134  delay.o(i.delay_ms)
    fputc                                    0x080013bd   Thumb Code    18  usart1.o(i.fputc)
    initAll                                  0x080013d5   Thumb Code    56  main.o(i.initAll)
    loopAll                                  0x0800140d   Thumb Code     8  main.o(i.loopAll)
    main                                     0x08001419   Thumb Code    12  main.o(i.main)
    sec_2_time                               0x08001499   Thumb Code   190  rtc.o(i.sec_2_time)
    time_2_sec                               0x08001561   Thumb Code   158  rtc.o(i.time_2_sec)
    uartRevieveByte                          0x08001611   Thumb Code    72  dl_ln3x_recv.o(i.uartRevieveByte)
    usart3_init                              0x08001661   Thumb Code   186  usart3.o(i.usart3_init)
    table_week                               0x0800172c   Data          12  rtc.o(.constdata)
    mon_table                                0x08001738   Data          12  rtc.o(.constdata)
    Region$$Table$$Base                      0x08001758   Number         0  anon$$obj.o(Region$$Table)
    Region$$Table$$Limit                     0x08001778   Number         0  anon$$obj.o(Region$$Table)
    keyState                                 0x20000004   Data           4  delay.o(.data)
    USART1_RX_STA                            0x20000008   Data           2  usart1.o(.data)
    __stdout                                 0x2000000c   Data           4  usart1.o(.data)
    SystemCoreClock                          0x20000010   Data           4  system_stm32f10x.o(.data)
    AHBPrescTable                            0x20000014   Data          16  system_stm32f10x.o(.data)
    USART3_RX_STA                            0x2000003e   Data           2  usart3.o(.data)
    USART1_RX_BUF                            0x20000040   Data         800  usart1.o(.bss)
    calendar                                 0x20000360   Data          10  rtc.o(.bss)
    USART3_RX_BUF                            0x200003ea   Data         100  usart3.o(.bss)
    USART3_TX_BUF                            0x2000044e   Data         100  usart3.o(.bss)
    __libspace_start                         0x200004b4   Data          96  libspace.o(.bss)
    __temporary_stack_top$libspace           0x20000514   Data           0  libspace.o(.bss)



==============================================================================

Memory Map of the image

  Image Entry point : 0x0800018d

  Load Region LR_1 (Base: 0x08000000, Size: 0x000017b8, Max: 0xffffffff, ABSOLUTE)

    Execution Region ER_RO (Exec base: 0x08000000, Load base: 0x08000000, Size: 0x00001778, Max: 0xffffffff, ABSOLUTE)

    Exec Addr    Load Addr    Size         Type   Attr      Idx    E Section Name        Object

    0x08000000   0x08000000   0x000000ec   Data   RO          465    RESET               startup_stm32f10x_md.o
    0x080000ec   0x080000ec   0x00000008   Code   RO         3785  * !!!main             c_w.l(__main.o)
    0x080000f4   0x080000f4   0x00000034   Code   RO         4100    !!!scatter          c_w.l(__scatter.o)
    0x08000128   0x08000128   0x0000001a   Code   RO         4102    !!handler_copy      c_w.l(__scatter_copy.o)
    0x08000142   0x08000142   0x00000002   PAD
    0x08000144   0x08000144   0x0000001c   Code   RO         4104    !!handler_zi        c_w.l(__scatter_zi.o)
    0x08000160   0x08000160   0x00000000   Code   RO         3780    .ARM.Collect$$_printf_percent$$00000000  c_w.l(_printf_percent.o)
    0x08000160   0x08000160   0x00000004   Code   RO         3862    .ARM.Collect$$_printf_percent$$00000017  c_w.l(_printf_percent_end.o)
    0x08000164   0x08000164   0x00000002   Code   RO         3965    .ARM.Collect$$libinit$$00000000  c_w.l(libinit.o)
    0x08000166   0x08000166   0x00000000   Code   RO         3981    .ARM.Collect$$libinit$$00000002  c_w.l(libinit2.o)
    0x08000166   0x08000166   0x00000000   Code   RO         3983    .ARM.Collect$$libinit$$00000004  c_w.l(libinit2.o)
    0x08000166   0x08000166   0x00000000   Code   RO         3986    .ARM.Collect$$libinit$$0000000A  c_w.l(libinit2.o)
    0x08000166   0x08000166   0x00000000   Code   RO         3988    .ARM.Collect$$libinit$$0000000C  c_w.l(libinit2.o)
    0x08000166   0x08000166   0x00000000   Code   RO         3990    .ARM.Collect$$libinit$$0000000E  c_w.l(libinit2.o)
    0x08000166   0x08000166   0x00000000   Code   RO         3993    .ARM.Collect$$libinit$$00000011  c_w.l(libinit2.o)
    0x08000166   0x08000166   0x00000000   Code   RO         3995    .ARM.Collect$$libinit$$00000013  c_w.l(libinit2.o)
    0x08000166   0x08000166   0x00000000   Code   RO         3997    .ARM.Collect$$libinit$$00000015  c_w.l(libinit2.o)
    0x08000166   0x08000166   0x00000000   Code   RO         3999    .ARM.Collect$$libinit$$00000017  c_w.l(libinit2.o)
    0x08000166   0x08000166   0x00000000   Code   RO         4001    .ARM.Collect$$libinit$$00000019  c_w.l(libinit2.o)
    0x08000166   0x08000166   0x00000000   Code   RO         4003    .ARM.Collect$$libinit$$0000001B  c_w.l(libinit2.o)
    0x08000166   0x08000166   0x00000000   Code   RO         4005    .ARM.Collect$$libinit$$0000001D  c_w.l(libinit2.o)
    0x08000166   0x08000166   0x00000000   Code   RO         4007    .ARM.Collect$$libinit$$0000001F  c_w.l(libinit2.o)
    0x08000166   0x08000166   0x00000000   Code   RO         4009    .ARM.Collect$$libinit$$00000021  c_w.l(libinit2.o)
    0x08000166   0x08000166   0x00000000   Code   RO         4011    .ARM.Collect$$libinit$$00000023  c_w.l(libinit2.o)
    0x08000166   0x08000166   0x00000000   Code   RO         4013    .ARM.Collect$$libinit$$00000025  c_w.l(libinit2.o)
    0x08000166   0x08000166   0x00000000   Code   RO         4017    .ARM.Collect$$libinit$$0000002C  c_w.l(libinit2.o)
    0x08000166   0x08000166   0x00000000   Code   RO         4019    .ARM.Collect$$libinit$$0000002E  c_w.l(libinit2.o)
    0x08000166   0x08000166   0x00000000   Code   RO         4021    .ARM.Collect$$libinit$$00000030  c_w.l(libinit2.o)
    0x08000166   0x08000166   0x00000000   Code   RO         4023    .ARM.Collect$$libinit$$00000032  c_w.l(libinit2.o)
    0x08000166   0x08000166   0x00000002   Code   RO         4024    .ARM.Collect$$libinit$$00000033  c_w.l(libinit2.o)
    0x08000168   0x08000168   0x00000002   Code   RO         4042    .ARM.Collect$$libshutdown$$00000000  c_w.l(libshutdown.o)
    0x0800016a   0x0800016a   0x00000000   Code   RO         4052    .ARM.Collect$$libshutdown$$00000002  c_w.l(libshutdown2.o)
    0x0800016a   0x0800016a   0x00000000   Code   RO         4054    .ARM.Collect$$libshutdown$$00000004  c_w.l(libshutdown2.o)
    0x0800016a   0x0800016a   0x00000000   Code   RO         4057    .ARM.Collect$$libshutdown$$00000007  c_w.l(libshutdown2.o)
    0x0800016a   0x0800016a   0x00000000   Code   RO         4060    .ARM.Collect$$libshutdown$$0000000A  c_w.l(libshutdown2.o)
    0x0800016a   0x0800016a   0x00000000   Code   RO         4062    .ARM.Collect$$libshutdown$$0000000C  c_w.l(libshutdown2.o)
    0x0800016a   0x0800016a   0x00000000   Code   RO         4065    .ARM.Collect$$libshutdown$$0000000F  c_w.l(libshutdown2.o)
    0x0800016a   0x0800016a   0x00000002   Code   RO         4066    .ARM.Collect$$libshutdown$$00000010  c_w.l(libshutdown2.o)
    0x0800016c   0x0800016c   0x00000000   Code   RO         3801    .ARM.Collect$$rtentry$$00000000  c_w.l(__rtentry.o)
    0x0800016c   0x0800016c   0x00000000   Code   RO         3886    .ARM.Collect$$rtentry$$00000002  c_w.l(__rtentry2.o)
    0x0800016c   0x0800016c   0x00000006   Code   RO         3898    .ARM.Collect$$rtentry$$00000004  c_w.l(__rtentry4.o)
    0x08000172   0x08000172   0x00000000   Code   RO         3888    .ARM.Collect$$rtentry$$00000009  c_w.l(__rtentry2.o)
    0x08000172   0x08000172   0x00000004   Code   RO         3889    .ARM.Collect$$rtentry$$0000000A  c_w.l(__rtentry2.o)
    0x08000176   0x08000176   0x00000000   Code   RO         3891    .ARM.Collect$$rtentry$$0000000C  c_w.l(__rtentry2.o)
    0x08000176   0x08000176   0x00000008   Code   RO         3892    .ARM.Collect$$rtentry$$0000000D  c_w.l(__rtentry2.o)
    0x0800017e   0x0800017e   0x00000002   Code   RO         3973    .ARM.Collect$$rtexit$$00000000  c_w.l(rtexit.o)
    0x08000180   0x08000180   0x00000000   Code   RO         4026    .ARM.Collect$$rtexit$$00000002  c_w.l(rtexit2.o)
    0x08000180   0x08000180   0x00000004   Code   RO         4027    .ARM.Collect$$rtexit$$00000003  c_w.l(rtexit2.o)
    0x08000184   0x08000184   0x00000006   Code   RO         4028    .ARM.Collect$$rtexit$$00000004  c_w.l(rtexit2.o)
    0x0800018a   0x0800018a   0x00000002   PAD
    0x0800018c   0x0800018c   0x00000040   Code   RO          466  * .text               startup_stm32f10x_md.o
    0x080001cc   0x080001cc   0x00000002   Code   RO         3747    .text               c_w.l(use_no_semi_2.o)
    0x080001ce   0x080001ce   0x00000002   PAD
    0x080001d0   0x080001d0   0x00000018   Code   RO         3751    .text               c_w.l(__2printf.o)
    0x080001e8   0x080001e8   0x00000188   Code   RO         3776    .text               c_w.l(__printf_flags_ss_wp.o)
    0x08000370   0x08000370   0x00000006   Code   RO         3783    .text               c_w.l(heapauxi.o)
    0x08000376   0x08000376   0x00000002   Code   RO         3799    .text               c_w.l(use_no_semi.o)
    0x08000378   0x08000378   0x00000030   Code   RO         3812    .text               c_w.l(_printf_char_common.o)
    0x080003a8   0x080003a8   0x00000024   Code   RO         3816    .text               c_w.l(_printf_char_file.o)
    0x080003cc   0x080003cc   0x00000008   Code   RO         3913    .text               c_w.l(ferror.o)
    0x080003d4   0x080003d4   0x0000004a   Code   RO         3919    .text               c_w.l(sys_stackheap_outer.o)
    0x0800041e   0x0800041e   0x00000012   Code   RO         3958    .text               c_w.l(exit.o)
    0x08000430   0x08000430   0x00000008   Code   RO         3970    .text               c_w.l(libspace.o)
    0x08000438   0x08000438   0x00000012   Code   RO          736    i.BKP_DeInit        stm32f10x_bkp.o
    0x0800044a   0x0800044a   0x00000002   PAD
    0x0800044c   0x0800044c   0x00000010   Code   RO          741    i.BKP_ReadBackupRegister  stm32f10x_bkp.o
    0x0800045c   0x0800045c   0x00000010   Code   RO          745    i.BKP_WriteBackupRegister  stm32f10x_bkp.o
    0x0800046c   0x0800046c   0x00000002   Code   RO          222    i.BusFault_Handler  stm32f10x_it.o
    0x0800046e   0x0800046e   0x00000002   Code   RO          223    i.DebugMon_Handler  stm32f10x_it.o
    0x08000470   0x08000470   0x0000000c   Code   RO         1295    i.EXTI_ClearITPendingBit  stm32f10x_exti.o
    0x0800047c   0x0800047c   0x00000070   Code   RO         1300    i.EXTI_Init         stm32f10x_exti.o
    0x080004ec   0x080004ec   0x0000009c   Code   RO         1655    i.GPIO_Init         stm32f10x_gpio.o
    0x08000588   0x08000588   0x00000058   Code   RO         1657    i.GPIO_PinRemapConfig  stm32f10x_gpio.o
    0x080005e0   0x080005e0   0x0000000e   Code   RO         1659    i.GPIO_ReadInputDataBit  stm32f10x_gpio.o
    0x080005ee   0x080005ee   0x00000002   Code   RO          224    i.HardFault_Handler  stm32f10x_it.o
    0x080005f0   0x080005f0   0x00000026   Code   RO         3488    i.Is_Leap_Year      rtc.o
    0x08000616   0x08000616   0x00000002   PAD
    0x08000618   0x08000618   0x00000028   Code   RO         3723    i.KEY_Init          key.o
    0x08000640   0x08000640   0x000000b4   Code   RO         3711    i.LED_Init          led.o
    0x080006f4   0x080006f4   0x00000002   Code   RO          225    i.MemManage_Handler  stm32f10x_it.o
    0x080006f6   0x080006f6   0x00000002   Code   RO          226    i.NMI_Handler       stm32f10x_it.o
    0x080006f8   0x080006f8   0x00000064   Code   RO          470    i.NVIC_Init         misc.o
    0x0800075c   0x0800075c   0x00000014   Code   RO          471    i.NVIC_PriorityGroupConfig  misc.o
    0x08000770   0x08000770   0x0000000c   Code   RO         2018    i.PWR_BackupAccessCmd  stm32f10x_pwr.o
    0x0800077c   0x0800077c   0x00000002   Code   RO          227    i.PendSV_Handler    stm32f10x_it.o
    0x0800077e   0x0800077e   0x00000002   PAD
    0x08000780   0x08000780   0x00000018   Code   RO         2083    i.RCC_APB1PeriphClockCmd  stm32f10x_rcc.o
    0x08000798   0x08000798   0x00000018   Code   RO         2084    i.RCC_APB1PeriphResetCmd  stm32f10x_rcc.o
    0x080007b0   0x080007b0   0x00000018   Code   RO         2085    i.RCC_APB2PeriphClockCmd  stm32f10x_rcc.o
    0x080007c8   0x080007c8   0x00000018   Code   RO         2086    i.RCC_APB2PeriphResetCmd  stm32f10x_rcc.o
    0x080007e0   0x080007e0   0x0000000c   Code   RO         2088    i.RCC_BackupResetCmd  stm32f10x_rcc.o
    0x080007ec   0x080007ec   0x00000094   Code   RO         2093    i.RCC_GetClocksFreq  stm32f10x_rcc.o
    0x08000880   0x08000880   0x00000030   Code   RO         2094    i.RCC_GetFlagStatus  stm32f10x_rcc.o
    0x080008b0   0x080008b0   0x00000020   Code   RO         2101    i.RCC_LSEConfig     stm32f10x_rcc.o
    0x080008d0   0x080008d0   0x0000000c   Code   RO         2108    i.RCC_RTCCLKCmd     stm32f10x_rcc.o
    0x080008dc   0x080008dc   0x00000010   Code   RO         2109    i.RCC_RTCCLKConfig  stm32f10x_rcc.o
    0x080008ec   0x080008ec   0x00000054   Code   RO         3489    i.RTCAlarm_IRQHandler  rtc.o
    0x08000940   0x08000940   0x0000002e   Code   RO         3490    i.RTC_Alarm_Set     rtc.o
    0x0800096e   0x0800096e   0x00000002   PAD
    0x08000970   0x08000970   0x00000010   Code   RO         2285    i.RTC_ClearITPendingBit  stm32f10x_rtc.o
    0x08000980   0x08000980   0x00000010   Code   RO         2286    i.RTC_EnterConfigMode  stm32f10x_rtc.o
    0x08000990   0x08000990   0x00000010   Code   RO         2287    i.RTC_ExitConfigMode  stm32f10x_rtc.o
    0x080009a0   0x080009a0   0x00000018   Code   RO         3492    i.RTC_Get           rtc.o
    0x080009b8   0x080009b8   0x00000014   Code   RO         2288    i.RTC_GetCounter    stm32f10x_rtc.o
    0x080009cc   0x080009cc   0x00000020   Code   RO         2291    i.RTC_GetITStatus   stm32f10x_rtc.o
    0x080009ec   0x080009ec   0x00000050   Code   RO         3493    i.RTC_Get_Week      rtc.o
    0x08000a3c   0x08000a3c   0x0000001c   Code   RO         3494    i.RTC_IRQHandler    rtc.o
    0x08000a58   0x08000a58   0x00000018   Code   RO         2292    i.RTC_ITConfig      stm32f10x_rtc.o
    0x08000a70   0x08000a70   0x00000180   Code   RO         3495    i.RTC_Init          rtc.o
    0x08000bf0   0x08000bf0   0x0000002e   Code   RO         3496    i.RTC_Set           rtc.o
    0x08000c1e   0x08000c1e   0x00000002   PAD
    0x08000c20   0x08000c20   0x00000020   Code   RO         2293    i.RTC_SetAlarm      stm32f10x_rtc.o
    0x08000c40   0x08000c40   0x00000020   Code   RO         2294    i.RTC_SetCounter    stm32f10x_rtc.o
    0x08000c60   0x08000c60   0x00000020   Code   RO         2295    i.RTC_SetPrescaler  stm32f10x_rtc.o
    0x08000c80   0x08000c80   0x00000010   Code   RO         2296    i.RTC_WaitForLastTask  stm32f10x_rtc.o
    0x08000c90   0x08000c90   0x00000018   Code   RO         2297    i.RTC_WaitForSynchro  stm32f10x_rtc.o
    0x08000ca8   0x08000ca8   0x00000002   Code   RO          228    i.SVC_Handler       stm32f10x_it.o
    0x08000caa   0x08000caa   0x00000002   PAD
    0x08000cac   0x08000cac   0x000000a8   Code   RO          412    i.SetSysClockTo72   system_stm32f10x.o
    0x08000d54   0x08000d54   0x00000018   Code   RO          474    i.SysTick_CLKSourceConfig  misc.o
    0x08000d6c   0x08000d6c   0x00000002   Code   RO          229    i.SysTick_Handler   stm32f10x_it.o
    0x08000d6e   0x08000d6e   0x00000002   PAD
    0x08000d70   0x08000d70   0x00000050   Code   RO          414    i.SystemInit        system_stm32f10x.o
    0x08000dc0   0x08000dc0   0x00000038   Code   RO         3645    i.TIM4_IRQHandler   timer.o
    0x08000df8   0x08000df8   0x00000060   Code   RO         3646    i.TIM4_Int_Init     timer.o
    0x08000e58   0x08000e58   0x00000006   Code   RO         2721    i.TIM_ClearITPendingBit  stm32f10x_tim.o
    0x08000e5e   0x08000e5e   0x00000014   Code   RO         2726    i.TIM_Cmd           stm32f10x_tim.o
    0x08000e72   0x08000e72   0x00000018   Code   RO         2747    i.TIM_GetITStatus   stm32f10x_tim.o
    0x08000e8a   0x08000e8a   0x00000010   Code   RO         2751    i.TIM_ITConfig      stm32f10x_tim.o
    0x08000e9a   0x08000e9a   0x00000004   Code   RO         2791    i.TIM_SetCounter    stm32f10x_tim.o
    0x08000e9e   0x08000e9e   0x00000002   PAD
    0x08000ea0   0x08000ea0   0x0000009c   Code   RO         2797    i.TIM_TimeBaseInit  stm32f10x_tim.o
    0x08000f3c   0x08000f3c   0x00000068   Code   RO          359    i.USART1_IRQHandler  usart1.o
    0x08000fa4   0x08000fa4   0x00000114   Code   RO          360    i.USART1_Init       usart1.o
    0x080010b8   0x080010b8   0x00000070   Code   RO         3667    i.USART3_IRQHandler  usart3.o
    0x08001128   0x08001128   0x00000014   Code   RO         3252    i.USART_Cmd         stm32f10x_usart.o
    0x0800113c   0x0800113c   0x00000074   Code   RO         3254    i.USART_DeInit      stm32f10x_usart.o
    0x080011b0   0x080011b0   0x0000003e   Code   RO         3256    i.USART_GetITStatus  stm32f10x_usart.o
    0x080011ee   0x080011ee   0x00000030   Code   RO         3258    i.USART_ITConfig    stm32f10x_usart.o
    0x0800121e   0x0800121e   0x00000002   PAD
    0x08001220   0x08001220   0x000000ac   Code   RO         3259    i.USART_Init        stm32f10x_usart.o
    0x080012cc   0x080012cc   0x00000008   Code   RO         3266    i.USART_ReceiveData  stm32f10x_usart.o
    0x080012d4   0x080012d4   0x00000002   Code   RO          230    i.UsageFault_Handler  stm32f10x_it.o
    0x080012d6   0x080012d6   0x0000000e   Code   RO         3769    i._is_digit         c_w.l(__printf_wp.o)
    0x080012e4   0x080012e4   0x00000002   Code   RO          361    i._sys_exit         usart1.o
    0x080012e6   0x080012e6   0x00000002   PAD
    0x080012e8   0x080012e8   0x0000003c   Code   RO          297    i.delay_init        delay.o
    0x08001324   0x08001324   0x00000098   Code   RO          298    i.delay_ms          delay.o
    0x080013bc   0x080013bc   0x00000018   Code   RO          362    i.fputc             usart1.o
    0x080013d4   0x080013d4   0x00000038   Code   RO            2    i.initAll           main.o
    0x0800140c   0x0800140c   0x0000000c   Code   RO            3    i.loopAll           main.o
    0x08001418   0x08001418   0x00000010   Code   RO            4    i.main              main.o
    0x08001428   0x08001428   0x00000034   Code   RO         3590    i.recvData          dl_ln3x_recv.o
    0x0800145c   0x0800145c   0x0000003c   Code   RO         3591    i.recvTerminal      dl_ln3x_recv.o
    0x08001498   0x08001498   0x000000c8   Code   RO         3499    i.sec_2_time        rtc.o
    0x08001560   0x08001560   0x000000b0   Code   RO         3500    i.time_2_sec        rtc.o
    0x08001610   0x08001610   0x00000050   Code   RO         3592    i.uartRevieveByte   dl_ln3x_recv.o
    0x08001660   0x08001660   0x000000cc   Code   RO         3670    i.usart3_init       usart3.o
    0x0800172c   0x0800172c   0x00000018   Data   RO         3503    .constdata          rtc.o
    0x08001744   0x08001744   0x00000011   Data   RO         3777    .constdata          c_w.l(__printf_flags_ss_wp.o)
    0x08001755   0x08001755   0x00000003   PAD
    0x08001758   0x08001758   0x00000020   Data   RO         4098    Region$$Table       anon$$obj.o


    Execution Region ER_RW (Exec base: 0x20000000, Load base: 0x08001778, Size: 0x00000040, Max: 0xffffffff, ABSOLUTE)

    Exec Addr    Load Addr    Size         Type   Attr      Idx    E Section Name        Object

    0x20000000   0x08001778   0x00000008   Data   RW          300    .data               delay.o
    0x20000008   0x08001780   0x00000002   Data   RW          365    .data               usart1.o
    0x2000000a   0x08001782   0x00000002   PAD
    0x2000000c   0x08001784   0x00000004   Data   RW          366    .data               usart1.o
    0x20000010   0x08001788   0x00000014   Data   RW          415    .data               system_stm32f10x.o
    0x20000024   0x0800179c   0x00000014   Data   RW         2113    .data               stm32f10x_rcc.o
    0x20000038   0x080017b0   0x00000005   Data   RW         3594    .data               dl_ln3x_recv.o
    0x2000003d   0x080017b5   0x00000001   PAD
    0x2000003e   0x080017b6   0x00000002   Data   RW         3672    .data               usart3.o


    Execution Region ER_ZI (Exec base: 0x20000040, Load base: 0x080017b8, Size: 0x00000ad8, Max: 0xffffffff, ABSOLUTE)

    Exec Addr    Load Addr    Size         Type   Attr      Idx    E Section Name        Object

    0x20000040        -       0x00000320   Zero   RW          364    .bss                usart1.o
    0x20000360        -       0x0000000a   Zero   RW         3502    .bss                rtc.o
    0x2000036a        -       0x00000080   Zero   RW         3593    .bss                dl_ln3x_recv.o
    0x200003ea        -       0x000000c8   Zero   RW         3671    .bss                usart3.o
    0x200004b2   0x080017b8   0x00000002   PAD
    0x200004b4        -       0x00000060   Zero   RW         3971    .bss                c_w.l(libspace.o)
    0x20000514   0x080017b8   0x00000004   PAD
    0x20000518        -       0x00000200   Zero   RW          464    HEAP                startup_stm32f10x_md.o
    0x20000718        -       0x00000400   Zero   RW          463    STACK               startup_stm32f10x_md.o


==============================================================================

Image component sizes


      Code (inc. data)   RO Data    RW Data    ZI Data      Debug   Object Name

       212         32          0          8          0       1251   delay.o
       192         24          0          5        128       2302   dl_ln3x_recv.o
        40          6          0          0          0        431   key.o
       180         12          0          0          0        523   led.o
        84          8          0          0          0     255861   main.o
       144         16          0          0          0       3633   misc.o
      1106        130         24          0         10       7318   rtc.o
        64         26        236          0       1536        796   startup_stm32f10x_md.o
        50          8          0          0          0       2532   stm32f10x_bkp.o
       124         10          0          0          0       3633   stm32f10x_exti.o
       258          6          0          0          0      11702   stm32f10x_gpio.o
        18          0          0          0          0       3534   stm32f10x_it.o
        12          6          0          0          0        478   stm32f10x_pwr.o
       364         68          0         20          0      16812   stm32f10x_rcc.o
       260         56          0          0          0       5865   stm32f10x_rtc.o
       226         42          0          0          0      25182   stm32f10x_tim.o
       426         26          0          0          0      11673   stm32f10x_usart.o
         0          0          0          0          0         32   sys.o
       248         24          0         20          0       1793   system_stm32f10x.o
       152         14          0          0          0       1070   timer.o
       406         32          0          6        800       4158   usart1.o
       316         34          0          2        200       1930   usart3.o

    ----------------------------------------------------------------------
      4902        580        292         64       2676     362509   Object Totals
         0          0         32          0          0          0   (incl. Generated)
        20          0          0          3          2          0   (incl. Padding)

    ----------------------------------------------------------------------

      Code (inc. data)   RO Data    RW Data    ZI Data      Debug   Library Member Name

        24          4          0          0          0         84   __2printf.o
         8          0          0          0          0         68   __main.o
       392          4         17          0          0         92   __printf_flags_ss_wp.o
        14          0          0          0          0         68   __printf_wp.o
         0          0          0          0          0          0   __rtentry.o
        12          0          0          0          0          0   __rtentry2.o
         6          0          0          0          0          0   __rtentry4.o
        52          8          0          0          0          0   __scatter.o
        26          0          0          0          0          0   __scatter_copy.o
        28          0          0          0          0          0   __scatter_zi.o
        48          6          0          0          0         96   _printf_char_common.o
        36          4          0          0          0         80   _printf_char_file.o
         0          0          0          0          0          0   _printf_percent.o
         4          0          0          0          0          0   _printf_percent_end.o
        18          0          0          0          0         80   exit.o
         8          0          0          0          0         68   ferror.o
         6          0          0          0          0        152   heapauxi.o
         2          0          0          0          0          0   libinit.o
         2          0          0          0          0          0   libinit2.o
         2          0          0          0          0          0   libshutdown.o
         2          0          0          0          0          0   libshutdown2.o
         8          4          0          0         96         68   libspace.o
         2          0          0          0          0          0   rtexit.o
        10          0          0          0          0          0   rtexit2.o
        74          0          0          0          0         80   sys_stackheap_outer.o
         2          0          0          0          0         68   use_no_semi.o
         2          0          0          0          0         68   use_no_semi_2.o

    ----------------------------------------------------------------------
       794         30         20          0        100       1072   Library Totals
         6          0          3          0          4          0   (incl. Padding)

    ----------------------------------------------------------------------

      Code (inc. data)   RO Data    RW Data    ZI Data      Debug   Library Name

       788         30         17          0         96       1072   c_w.l

    ----------------------------------------------------------------------
       794         30         20          0        100       1072   Library Totals

    ----------------------------------------------------------------------

==============================================================================


      Code (inc. data)   RO Data    RW Data    ZI Data      Debug   

      5696        610        312         64       2776     359105   Grand Totals
      5696        610        312         64       2776     359105   ELF Image Totals
      5696        610        312         64          0          0   ROM Totals

==============================================================================

    Total RO  Size (Code + RO Data)                 6008 (   5.87kB)
    Total RW  Size (RW Data + ZI Data)              2840 (   2.77kB)
    Total ROM Size (Code + RO Data + RW Data)       6072 (   5.93kB)

==============================================================================

